Archive member included to satisfy reference by file (symbol)

/usr/lib/gcc/arm-none-eabi/10.3.1/thumb/v7e-m/nofp/libgcc.a(_aeabi_uldivmod.o)
                              CMakeFiles/RMosierFinalLab.elf.dir/Drivers/STM32F4xx_HAL_Driver/Src/stm32f4xx_hal_rcc.c.obj (__aeabi_uldivmod)
/usr/lib/gcc/arm-none-eabi/10.3.1/thumb/v7e-m/nofp/libgcc.a(_udivmoddi4.o)
                              /usr/lib/gcc/arm-none-eabi/10.3.1/thumb/v7e-m/nofp/libgcc.a(_aeabi_uldivmod.o) (__udivmoddi4)
/usr/lib/gcc/arm-none-eabi/10.3.1/thumb/v7e-m/nofp/libgcc.a(_dvmd_tls.o)
                              /usr/lib/gcc/arm-none-eabi/10.3.1/thumb/v7e-m/nofp/libgcc.a(_aeabi_uldivmod.o) (__aeabi_ldiv0)
/usr/lib/gcc/arm-none-eabi/10.3.1/../../../arm-none-eabi/lib/thumb/v7e-m/nofp/libg.a(lib_a-atexit.o)
                              /usr/lib/gcc/arm-none-eabi/10.3.1/../../../arm-none-eabi/lib/thumb/v7e-m/nofp/crt0.o (atexit)
/usr/lib/gcc/arm-none-eabi/10.3.1/../../../arm-none-eabi/lib/thumb/v7e-m/nofp/libg.a(lib_a-errno.o)
                              CMakeFiles/RMosierFinalLab.elf.dir/Core/Src/syscalls.c.obj (__errno)
/usr/lib/gcc/arm-none-eabi/10.3.1/../../../arm-none-eabi/lib/thumb/v7e-m/nofp/libg.a(lib_a-exit.o)
                              /usr/lib/gcc/arm-none-eabi/10.3.1/../../../arm-none-eabi/lib/thumb/v7e-m/nofp/crt0.o (exit)
/usr/lib/gcc/arm-none-eabi/10.3.1/../../../arm-none-eabi/lib/thumb/v7e-m/nofp/libg.a(lib_a-fini.o)
                              /usr/lib/gcc/arm-none-eabi/10.3.1/../../../arm-none-eabi/lib/thumb/v7e-m/nofp/crt0.o (__libc_fini_array)
/usr/lib/gcc/arm-none-eabi/10.3.1/../../../arm-none-eabi/lib/thumb/v7e-m/nofp/libg.a(lib_a-impure.o)
                              /usr/lib/gcc/arm-none-eabi/10.3.1/../../../arm-none-eabi/lib/thumb/v7e-m/nofp/libg.a(lib_a-exit.o) (_global_impure_ptr)
/usr/lib/gcc/arm-none-eabi/10.3.1/../../../arm-none-eabi/lib/thumb/v7e-m/nofp/libg.a(lib_a-init.o)
                              /usr/lib/gcc/arm-none-eabi/10.3.1/../../../arm-none-eabi/lib/thumb/v7e-m/nofp/crt0.o (__libc_init_array)
/usr/lib/gcc/arm-none-eabi/10.3.1/../../../arm-none-eabi/lib/thumb/v7e-m/nofp/libg.a(lib_a-memset.o)
                              /usr/lib/gcc/arm-none-eabi/10.3.1/../../../arm-none-eabi/lib/thumb/v7e-m/nofp/crt0.o (memset)
/usr/lib/gcc/arm-none-eabi/10.3.1/../../../arm-none-eabi/lib/thumb/v7e-m/nofp/libg.a(lib_a-printf.o)
                              CMakeFiles/RMosierFinalLab.elf.dir/Core/Src/ApplicationCode.c.obj (printf)
/usr/lib/gcc/arm-none-eabi/10.3.1/../../../arm-none-eabi/lib/thumb/v7e-m/nofp/libg.a(lib_a-puts.o)
                              CMakeFiles/RMosierFinalLab.elf.dir/Core/Src/ApplicationCode.c.obj (puts)
/usr/lib/gcc/arm-none-eabi/10.3.1/../../../arm-none-eabi/lib/thumb/v7e-m/nofp/libg.a(lib_a-snprintf.o)
                              CMakeFiles/RMosierFinalLab.elf.dir/Core/Src/ApplicationCode.c.obj (snprintf)
/usr/lib/gcc/arm-none-eabi/10.3.1/../../../arm-none-eabi/lib/thumb/v7e-m/nofp/libg.a(lib_a-strlen.o)
                              /usr/lib/gcc/arm-none-eabi/10.3.1/../../../arm-none-eabi/lib/thumb/v7e-m/nofp/libg.a(lib_a-puts.o) (strlen)
/usr/lib/gcc/arm-none-eabi/10.3.1/../../../arm-none-eabi/lib/thumb/v7e-m/nofp/libg.a(lib_a-svfprintf.o)
                              /usr/lib/gcc/arm-none-eabi/10.3.1/../../../arm-none-eabi/lib/thumb/v7e-m/nofp/libg.a(lib_a-snprintf.o) (_svfprintf_r)
/usr/lib/gcc/arm-none-eabi/10.3.1/../../../arm-none-eabi/lib/thumb/v7e-m/nofp/libg.a(lib_a-vfprintf.o)
                              /usr/lib/gcc/arm-none-eabi/10.3.1/../../../arm-none-eabi/lib/thumb/v7e-m/nofp/libg.a(lib_a-printf.o) (_vfprintf_r)
/usr/lib/gcc/arm-none-eabi/10.3.1/../../../arm-none-eabi/lib/thumb/v7e-m/nofp/libg.a(lib_a-wsetup.o)
                              /usr/lib/gcc/arm-none-eabi/10.3.1/../../../arm-none-eabi/lib/thumb/v7e-m/nofp/libg.a(lib_a-vfprintf.o) (__swsetup_r)
/usr/lib/gcc/arm-none-eabi/10.3.1/../../../arm-none-eabi/lib/thumb/v7e-m/nofp/libg.a(lib_a-__atexit.o)
                              /usr/lib/gcc/arm-none-eabi/10.3.1/../../../arm-none-eabi/lib/thumb/v7e-m/nofp/libg.a(lib_a-atexit.o) (__register_exitproc)
/usr/lib/gcc/arm-none-eabi/10.3.1/../../../arm-none-eabi/lib/thumb/v7e-m/nofp/libg.a(lib_a-__call_atexit.o)
                              /usr/lib/gcc/arm-none-eabi/10.3.1/../../../arm-none-eabi/lib/thumb/v7e-m/nofp/libg.a(lib_a-exit.o) (__call_exitprocs)
/usr/lib/gcc/arm-none-eabi/10.3.1/../../../arm-none-eabi/lib/thumb/v7e-m/nofp/libg.a(lib_a-dtoa.o)
                              /usr/lib/gcc/arm-none-eabi/10.3.1/../../../arm-none-eabi/lib/thumb/v7e-m/nofp/libg.a(lib_a-svfprintf.o) (_dtoa_r)
/usr/lib/gcc/arm-none-eabi/10.3.1/../../../arm-none-eabi/lib/thumb/v7e-m/nofp/libg.a(lib_a-fflush.o)
                              /usr/lib/gcc/arm-none-eabi/10.3.1/../../../arm-none-eabi/lib/thumb/v7e-m/nofp/libg.a(lib_a-vfprintf.o) (_fflush_r)
/usr/lib/gcc/arm-none-eabi/10.3.1/../../../arm-none-eabi/lib/thumb/v7e-m/nofp/libg.a(lib_a-findfp.o)
[...]
Memory Configuration

Name             Origin             Length             Attributes
CCMRAM           0x0000000010000000 0x0000000000010000 xrw
RAM              0x0000000020000000 0x0000000000030000 xrw
FLASH            0x0000000008000000 0x0000000000200000 xr
*default*        0x0000000000000000 0xffffffffffffffff

Linker script and memory map

LOAD /usr/lib/gcc/arm-none-eabi/10.3.1/thumb/v7e-m/nofp/crti.o
LOAD /usr/lib/gcc/arm-none-eabi/10.3.1/thumb/v7e-m/nofp/crtbegin.o
LOAD /usr/lib/gcc/arm-none-eabi/10.3.1/../../../arm-none-eabi/lib/thumb/v7e-m/nofp/crt0.o
LOAD CMakeFiles/RMosierFinalLab.elf.dir/Core/Src/ApplicationCode.c.obj
LOAD CMakeFiles/RMosierFinalLab.elf.dir/Core/Src/LCD_Driver.c.obj
LOAD CMakeFiles/RMosierFinalLab.elf.dir/Core/Src/RNG.c.obj
LOAD CMakeFiles/RMosierFinalLab.elf.dir/Core/Src/button.c.obj
LOAD CMakeFiles/RMosierFinalLab.elf.dir/Core/Src/fonts.c.obj
LOAD CMakeFiles/RMosierFinalLab.elf.dir/Core/Src/game.c.obj
LOAD CMakeFiles/RMosierFinalLab.elf.dir/Core/Src/ili9341.c.obj
LOAD CMakeFiles/RMosierFinalLab.elf.dir/Core/Src/main.c.obj
LOAD CMakeFiles/RMosierFinalLab.elf.dir/Core/Src/stm32f4xx_hal_msp.c.obj
LOAD CMakeFiles/RMosierFinalLab.elf.dir/Core/Src/stm32f4xx_it.c.obj
LOAD CMakeFiles/RMosierFinalLab.elf.dir/Core/Src/stmpe811.c.obj
LOAD CMakeFiles/RMosierFinalLab.elf.dir/Core/Src/syscalls.c.obj
LOAD CMakeFiles/RMosierFinalLab.elf.dir/Core/Src/sysmem.c.obj
LOAD CMakeFiles/RMosierFinalLab.elf.dir/Core/Src/system_stm32f4xx.c.obj
LOAD CMakeFiles/RMosierFinalLab.elf.dir/Core/Src/timers.c.obj
LOAD CMakeFiles/RMosierFinalLab.elf.dir/Core/Startup/startup_stm32f429zitx.s.obj
LOAD CMakeFiles/RMosierFinalLab.elf.dir/Drivers/STM32F4xx_HAL_Driver/Src/stm32f4xx_hal.c.obj
LOAD CMakeFiles/RMosierFinalLab.elf.dir/Drivers/STM32F4xx_HAL_Driver/Src/stm32f4xx_hal_cortex.c.obj
LOAD CMakeFiles/RMosierFinalLab.elf.dir/Drivers/STM32F4xx_HAL_Driver/Src/stm32f4xx_hal_dma.c.obj
LOAD CMakeFiles/RMosierFinalLab.elf.dir/Drivers/STM32F4xx_HAL_Driver/Src/stm32f4xx_hal_dma_ex.c.obj
LOAD CMakeFiles/RMosierFinalLab.elf.dir/Drivers/STM32F4xx_HAL_Driver/Src/stm32f4xx_hal_dsi.c.obj
LOAD CMakeFiles/RMosierFinalLab.elf.dir/Drivers/STM32F4xx_HAL_Driver/Src/stm32f4xx_hal_exti.c.obj
LOAD CMakeFiles/RMosierFinalLab.elf.dir/Drivers/STM32F4xx_HAL_Driver/Src/stm32f4xx_hal_flash.c.obj
LOAD CMakeFiles/RMosierFinalLab.elf.dir/Drivers/STM32F4xx_HAL_Driver/Src/stm32f4xx_hal_flash_ex.c.obj
LOAD CMakeFiles/RMosierFinalLab.elf.dir/Drivers/STM32F4xx_HAL_Driver/Src/stm32f4xx_hal_flash_ramfunc.c.obj
LOAD CMakeFiles/RMosierFinalLab.elf.dir/Drivers/STM32F4xx_HAL_Driver/Src/stm32f4xx_hal_gpio.c.obj
LOAD CMakeFiles/RMosierFinalLab.elf.dir/Drivers/STM32F4xx_HAL_Driver/Src/stm32f4xx_hal_i2c.c.obj
LOAD CMakeFiles/RMosierFinalLab.elf.dir/Drivers/STM32F4xx_HAL_Driver/Src/stm32f4xx_hal_i2c_ex.c.obj
LOAD CMakeFiles/RMosierFinalLab.elf.dir/Drivers/STM32F4xx_HAL_Driver/Src/stm32f4xx_hal_ltdc.c.obj
LOAD CMakeFiles/RMosierFinalLab.elf.dir/Drivers/STM32F4xx_HAL_Driver/Src/stm32f4xx_hal_ltdc_ex.c.obj
LOAD CMakeFiles/RMosierFinalLab.elf.dir/Drivers/STM32F4xx_HAL_Driver/Src/stm32f4xx_hal_pwr.c.obj
LOAD CMakeFiles/RMosierFinalLab.elf.dir/Drivers/STM32F4xx_HAL_Driver/Src/stm32f4xx_hal_pwr_ex.c.obj
LOAD CMakeFiles/RMosierFinalLab.elf.dir/Drivers/STM32F4xx_HAL_Driver/Src/stm32f4xx_hal_rcc.c.obj
LOAD CMakeFiles/RMosierFinalLab.elf.dir/Drivers/STM32F4xx_HAL_Driver/Src/stm32f4xx_hal_rcc_ex.c.obj
LOAD CMakeFiles/RMosierFinalLab.elf.dir/Drivers/STM32F4xx_HAL_Driver/Src/stm32f4xx_hal_rng.c.obj
LOAD CMakeFiles/RMosierFinalLab.elf.dir/Drivers/STM32F4xx_HAL_Driver/Src/stm32f4xx_hal_spi.c.obj
LOAD CMakeFiles/RMosierFinalLab.elf.dir/Drivers/STM32F4xx_HAL_Driver/Src/stm32f4xx_hal_tim.c.obj
LOAD CMakeFiles/RMosierFinalLab.elf.dir/Drivers/STM32F4xx_HAL_Driver/Src/stm32f4xx_hal_tim_ex.c.obj
START GROUP
LOAD /usr/lib/gcc/arm-none-eabi/10.3.1/thumb/v7e-m/nofp/libgcc.a
LOAD /usr/lib/gcc/arm-none-eabi/10.3.1/../../../arm-none-eabi/lib/thumb/v7e-m/nofp/libg.a
LOAD /usr/lib/gcc/arm-none-eabi/10.3.1/../../../arm-none-eabi/lib/thumb/v7e-m/nofp/libc.a
END GROUP
LOAD /usr/lib/gcc/arm-none-eabi/10.3.1/thumb/v7e-m/nofp/crtend.o
LOAD /usr/lib/gcc/arm-none-eabi/10.3.1/thumb/v7e-m/nofp/crtn.o
                0x0000000020030000                _estack = (ORIGIN (RAM) + LENGTH (RAM))
                0x0000000000000200                _Min_Heap_Size = 0x200
                0x0000000000000400                _Min_Stack_Size = 0x400

.isr_vector     0x0000000008000000      0x1ac
                0x0000000008000000                . = ALIGN (0x4)
 *(.isr_vector)
 .isr_vector    0x0000000008000000      0x1ac CMakeFiles/RMosierFinalLab.elf.dir/Core/Startup/startup_stm32f429zitx.s.obj
                0x0000000008000000                g_pfnVectors
                0x00000000080001ac                . = ALIGN (0x4)

.text           0x00000000080001c0     0xc194
                0x00000000080001c0                . = ALIGN (0x4)
 *(.text)
 .text          0x00000000080001c0       0x88 /usr/lib/gcc/arm-none-eabi/10.3.1/thumb/v7e-m/nofp/crtbegin.o
 .text          0x0000000008000248       0x30 /usr/lib/gcc/arm-none-eabi/10.3.1/thumb/v7e-m/nofp/libgcc.a(_aeabi_uldivmod.o)
                0x0000000008000248                __aeabi_uldivmod
 .text          0x0000000008000278      0x2d0 /usr/lib/gcc/arm-none-eabi/10.3.1/thumb/v7e-m/nofp/libgcc.a(_udivmoddi4.o)
                0x0000000008000278                __udivmoddi4
 .text          0x0000000008000548        0x4 /usr/lib/gcc/arm-none-eabi/10.3.1/thumb/v7e-m/nofp/libgcc.a(_dvmd_tls.o)
                0x0000000008000548                __aeabi_ldiv0
                0x0000000008000548                __aeabi_idiv0
 .text          0x000000000800054c        0xc /usr/lib/gcc/arm-none-eabi/10.3.1/../../../arm-none-eabi/lib/thumb/v7e-m/nofp/libg.a(lib_a-atexit.o)
                0x000000000800054c                atexit
 .text          0x0000000008000558        0xc /usr/lib/gcc/arm-none-eabi/10.3.1/../../../arm-none-eabi/lib/thumb/v7e-m/nofp/libg.a(lib_a-errno.o)
                0x0000000008000558                __errno
 .text          0x0000000008000564       0x2c /usr/lib/gcc/arm-none-eabi/10.3.1/../../../arm-none-eabi/lib/thumb/v7e-m/nofp/libg.a(lib_a-fini.o)
                0x0000000008000564                __libc_fini_array
 .text          0x0000000008000590       0x48 /usr/lib/gcc/arm-none-eabi/10.3.1/../../../arm-none-eabi/lib/thumb/v7e-m/nofp/libg.a(lib_a-init.o)
                0x0000000008000590                __libc_init_array
 .text          0x00000000080005d8       0xa4 /usr/lib/gcc/arm-none-eabi/10.3.1/../../../arm-none-eabi/lib/thumb/v7e-m/nofp/libg.a(lib_a-memset.o)
                0x00000000080005d8                memset
 .text          0x000000000800067c      0x108 /usr/lib/gcc/arm-none-eabi/10.3.1/../../../arm-none-eabi/lib/thumb/v7e-m/nofp/libg.a(lib_a-snprintf.o)
                0x000000000800067c                _snprintf_r
                0x00000000080006fc                snprintf
 *fill*         0x0000000008000784       0x3c 
 .text          0x00000000080007c0       0xdc /usr/lib/gcc/arm-none-eabi/10.3.1/../../../arm-none-eabi/lib/thumb/v7e-m/nofp/libg.a(lib_a-strlen.o)
                0x00000000080007c0                strlen
 .text          0x000000000800089c     0x1458 /usr/lib/gcc/arm-none-eabi/10.3.1/../../../arm-none-eabi/lib/thumb/v7e-m/nofp/libg.a(lib_a-svfprintf.o)
                0x000000000800089c                _svfprintf_r
 .text          0x0000000008001cf4       0xd4 /usr/lib/gcc/arm-none-eabi/10.3.1/../../../arm-none-eabi/lib/thumb/v7e-m/nofp/libg.a(lib_a-wsetup.o)
                0x0000000008001cf4                __swsetup_r
 .text          0x0000000008001dc8       0x68 /usr/lib/gcc/arm-none-eabi/10.3.1/../../../arm-none-eabi/lib/thumb/v7e-m/nofp/libg.a(lib_a-__atexit.o)
                0x0000000008001dc8                __register_exitproc
 .text          0x0000000008001e30      0xfe4 /usr/lib/gcc/arm-none-eabi/10.3.1/../../../arm-none-eabi/lib/thumb/v7e-m/nofp/libg.a(lib_a-dtoa.o)
                0x0000000008001f54                _dtoa_r
 .text          0x0000000008002e14      0x19c /usr/lib/gcc/arm-none-eabi/10.3.1/../../../arm-none-eabi/lib/thumb/v7e-m/nofp/libg.a(lib_a-fflush.o)
                0x0000000008002e14                __sflush_r
                0x0000000008002f34                _fflush_r
                0x0000000008002f60                fflush
 .text          0x0000000008002fb0      0x218 /usr/lib/gcc/arm-none-eabi/10.3.1/../../../arm-none-eabi/lib/thumb/v7e-m/nofp/libg.a(lib_a-findfp.o)
                0x0000000008002fb4                _cleanup_r
                0x000000000800309c                __sfmoreglue
                0x00000000080030cc                __sfp
                0x0000000008003174                _cleanup
                0x0000000008003188                __sinit
                0x0000000008003190                __sfp_lock_acquire
                0x0000000008003194                __sfp_lock_release
                0x0000000008003198                __sinit_lock_acquire
                0x000000000800319c                __sinit_lock_release
                0x00000000080031a0                __fp_lock_all
                0x00000000080031b4                __fp_unlock_all
 .text          0x00000000080031c8      0x2ac /usr/lib/gcc/arm-none-eabi/10.3.1/../../../arm-none-eabi/lib/thumb/v7e-m/nofp/libg.a(lib_a-freer.o)
                0x00000000080031c8                _malloc_trim_r
                0x0000000008003268                _free_r
 .text          0x0000000008003474      0x2e8 /usr/lib/gcc/arm-none-eabi/10.3.1/../../../arm-none-eabi/lib/thumb/v7e-m/nofp/libg.a(lib_a-fvwrite.o)
                0x0000000008003474                __sfvwrite_r
 .text          0x000000000800375c       0x88 /usr/lib/gcc/arm-none-eabi/10.3.1/../../../arm-none-eabi/lib/thumb/v7e-m/nofp/libg.a(lib_a-fwalk.o)
                0x000000000800375c                _fwalk
                0x000000000800379c                _fwalk_reent
 .text          0x00000000080037e4       0x14 /usr/lib/gcc/arm-none-eabi/10.3.1/../../../arm-none-eabi/lib/thumb/v7e-m/nofp/libg.a(lib_a-localeconv.o)
                0x00000000080037e4                __localeconv_l
                0x00000000080037e8                _localeconv_r
                0x00000000080037f0                localeconv
 .text          0x00000000080037f8      0x140 /usr/lib/gcc/arm-none-eabi/10.3.1/../../../arm-none-eabi/lib/thumb/v7e-m/nofp/libg.a(lib_a-makebuf.o)
                0x00000000080037f8                __smakebuf_r
                0x00000000080038d8                __swhatbuf_r
 .text          0x0000000008003938      0x554 /usr/lib/gcc/arm-none-eabi/10.3.1/../../../arm-none-eabi/lib/thumb/v7e-m/nofp/libg.a(lib_a-mallocr.o)
                0x0000000008003938                _malloc_r
 *fill*         0x0000000008003e8c        0x4 
 .text          0x0000000008003e90       0xa0 /usr/lib/gcc/arm-none-eabi/10.3.1/../../../arm-none-eabi/lib/thumb/v7e-m/nofp/libg.a(lib_a-memchr.o)
                0x0000000008003e90                memchr
 .text          0x0000000008003f30      0x134 /usr/lib/gcc/arm-none-eabi/10.3.1/../../../arm-none-eabi/lib/thumb/v7e-m/nofp/libg.a(lib_a-memcpy.o)
                0x0000000008003f30                memcpy
 .text          0x0000000008004064       0xf8 /usr/lib/gcc/arm-none-eabi/10.3.1/../../../arm-none-eabi/lib/thumb/v7e-m/nofp/libg.a(lib_a-memmove.o)
                0x0000000008004064                memmove
 .text          0x000000000800415c        0x8 /usr/lib/gcc/arm-none-eabi/10.3.1/../../../arm-none-eabi/lib/thumb/v7e-m/nofp/libg.a(lib_a-mlock.o)
                0x000000000800415c                __malloc_lock
                0x0000000008004160                __malloc_unlock
 .text          0x0000000008004164      0xa6c /usr/lib/gcc/arm-none-eabi/10.3.1/../../../arm-none-eabi/lib/thumb/v7e-m/nofp/libg.a(lib_a-mprec.o)
                0x0000000008004164                _Balloc
                0x00000000080041b0                _Bfree
                0x00000000080041c4                __multadd
                0x0000000008004264                __s2b
                0x0000000008004318                __hi0bits
                0x0000000008004358                __lo0bits
                0x00000000080043b4                __i2b
                0x0000000008004410                __multiply
                0x000000000800456c                __pow5mult
                0x000000000800462c                __lshift
                0x000000000800471c                __mcmp
                0x000000000800475c                __mdiff
                0x00000000080048a8                __ulp
                0x00000000080048ec                __b2d
                0x00000000080049bc                __d2b
                0x0000000008004a80                __ratio
                0x0000000008004adc                _mprec_log10
                0x0000000008004b14                __copybits
                0x0000000008004b70                __any_on
 .text          0x0000000008004bd0      0x3d8 /usr/lib/gcc/arm-none-eabi/10.3.1/../../../arm-none-eabi/lib/thumb/v7e-m/nofp/libg.a(lib_a-reallocr.o)
                0x0000000008004bd0                _realloc_r
 .text          0x0000000008004fa8       0x24 /usr/lib/gcc/arm-none-eabi/10.3.1/../../../arm-none-eabi/lib/thumb/v7e-m/nofp/libg.a(lib_a-sbrkr.o)
                0x0000000008004fa8                _sbrk_r
 .text          0x0000000008004fcc       0x90 /usr/lib/gcc/arm-none-eabi/10.3.1/../../../arm-none-eabi/lib/thumb/v7e-m/nofp/libg.a(lib_a-stdio.o)
                0x0000000008004fcc                __sread
                0x0000000008004ff0                __seofread
                0x0000000008004ff4                __swrite
                0x0000000008005034                __sseek
                0x0000000008005054                __sclose
 .text          0x000000000800505c      0xb54 /usr/lib/gcc/arm-none-eabi/10.3.1/../../../arm-none-eabi/lib/thumb/v7e-m/nofp/libg.a(lib_a-svfiprintf.o)
                0x000000000800505c                __ssprint_r
                0x0000000008005154                _svfiprintf_r
 .text          0x0000000008005bb0      0xd40 /usr/lib/gcc/arm-none-eabi/10.3.1/../../../arm-none-eabi/lib/thumb/v7e-m/nofp/libg.a(lib_a-vfiprintf.o)
                0x0000000008005c28                __sprint_r
                0x0000000008005c3c                _vfiprintf_r
                0x000000000800686c                vfiprintf
 .text          0x00000000080068f0       0x2c /usr/lib/gcc/arm-none-eabi/10.3.1/../../../arm-none-eabi/lib/thumb/v7e-m/nofp/libg.a(lib_a-writer.o)
                0x00000000080068f0                _write_r
 .text          0x000000000800691c       0x4c /usr/lib/gcc/arm-none-eabi/10.3.1/../../../arm-none-eabi/lib/thumb/v7e-m/nofp/libg.a(lib_a-assert.o)
                0x000000000800691c                __assert_func
                0x000000000800695c                __assert
 .text          0x0000000008006968       0x60 /usr/lib/gcc/arm-none-eabi/10.3.1/../../../arm-none-eabi/lib/thumb/v7e-m/nofp/libg.a(lib_a-callocr.o)
                0x0000000008006968                _calloc_r
 .text          0x00000000080069c8       0x24 /usr/lib/gcc/arm-none-eabi/10.3.1/../../../arm-none-eabi/lib/thumb/v7e-m/nofp/libg.a(lib_a-closer.o)
                0x00000000080069c8                _close_r
 .text          0x00000000080069ec       0xd4 /usr/lib/gcc/arm-none-eabi/10.3.1/../../../arm-none-eabi/lib/thumb/v7e-m/nofp/libg.a(lib_a-fclose.o)
                0x0000000008006a50                _fclose_r
                0x0000000008006a84                fclose
 .text          0x0000000008006ac0       0x44 /usr/lib/gcc/arm-none-eabi/10.3.1/../../../arm-none-eabi/lib/thumb/v7e-m/nofp/libg.a(lib_a-fiprintf.o)
                0x0000000008006ac0                _fiprintf_r
                0x0000000008006adc                fiprintf
 .text          0x0000000008006b04      0x10c /usr/lib/gcc/arm-none-eabi/10.3.1/../../../arm-none-eabi/lib/thumb/v7e-m/nofp/libg.a(lib_a-fputwc.o)
                0x0000000008006b04                __fputwc
                0x0000000008006bac                _fputwc_r
                0x0000000008006bd0                fputwc
 .text          0x0000000008006c10       0x2c /usr/lib/gcc/arm-none-eabi/10.3.1/../../../arm-none-eabi/lib/thumb/v7e-m/nofp/libg.a(lib_a-fstatr.o)
                0x0000000008006c10                _fstat_r
 .text          0x0000000008006c3c       0x24 /usr/lib/gcc/arm-none-eabi/10.3.1/../../../arm-none-eabi/lib/thumb/v7e-m/nofp/libg.a(lib_a-isattyr.o)
                0x0000000008006c3c                _isatty_r
 .text          0x0000000008006c60       0x8c /usr/lib/gcc/arm-none-eabi/10.3.1/../../../arm-none-eabi/lib/thumb/v7e-m/nofp/libg.a(lib_a-locale.o)
                0x0000000008006c60                _setlocale_r
                0x0000000008006ca0                __locale_mb_cur_max
                0x0000000008006cac                setlocale
 .text          0x0000000008006cec       0x2c /usr/lib/gcc/arm-none-eabi/10.3.1/../../../arm-none-eabi/lib/thumb/v7e-m/nofp/libg.a(lib_a-lseekr.o)
                0x0000000008006cec                _lseek_r
 .text          0x0000000008006d18       0x40 /usr/lib/gcc/arm-none-eabi/10.3.1/../../../arm-none-eabi/lib/thumb/v7e-m/nofp/libg.a(lib_a-mbtowc_r.o)
                0x0000000008006d18                _mbtowc_r
                0x0000000008006d2c                __ascii_mbtowc
 .text          0x0000000008006d58       0x2c /usr/lib/gcc/arm-none-eabi/10.3.1/../../../arm-none-eabi/lib/thumb/v7e-m/nofp/libg.a(lib_a-readr.o)
                0x0000000008006d58                _read_r
 *fill*         0x0000000008006d84       0x1c 
 .text          0x0000000008006da0      0x2dc /usr/lib/gcc/arm-none-eabi/10.3.1/../../../arm-none-eabi/lib/thumb/v7e-m/nofp/libg.a(lib_a-strcmp.o)
                0x0000000008006da8                strcmp
 .text          0x000000000800707c       0xc8 /usr/lib/gcc/arm-none-eabi/10.3.1/../../../arm-none-eabi/lib/thumb/v7e-m/nofp/libg.a(lib_a-wbuf.o)
                0x000000000800707c                __swbuf_r
                0x000000000800712c                __swbuf
 .text          0x0000000008007144       0x8c /usr/lib/gcc/arm-none-eabi/10.3.1/../../../arm-none-eabi/lib/thumb/v7e-m/nofp/libg.a(lib_a-wcrtomb.o)
                0x0000000008007144                _wcrtomb_r
                0x0000000008007180                wcrtomb
 .text          0x00000000080071d0       0x30 /usr/lib/gcc/arm-none-eabi/10.3.1/../../../arm-none-eabi/lib/thumb/v7e-m/nofp/libg.a(lib_a-wctomb_r.o)
                0x00000000080071d0                _wctomb_r
                0x00000000080071e4                __ascii_wctomb
 .text          0x0000000008007200       0x10 /usr/lib/gcc/arm-none-eabi/10.3.1/../../../arm-none-eabi/lib/thumb/v7e-m/nofp/libg.a(lib_a-abort.o)
                0x0000000008007200                abort
 .text          0x0000000008007210      0x288 /usr/lib/gcc/arm-none-eabi/10.3.1/../../../arm-none-eabi/lib/thumb/v7e-m/nofp/libg.a(lib_a-signal.o)
                0x0000000008007210                _init_signal_r
                0x0000000008007240                _signal_r
                0x000000000800728c                _raise_r
                0x00000000080072e4                __sigtramp_r
                0x0000000008007348                raise
                0x00000000080073a4                signal
                0x00000000080073f8                _init_signal
                0x0000000008007430                __sigtramp
 .text          0x0000000008007498       0x30 /usr/lib/gcc/arm-none-eabi/10.3.1/../../../arm-none-eabi/lib/thumb/v7e-m/nofp/libg.a(lib_a-signalr.o)
                0x0000000008007498                _kill_r
                0x00000000080074c4                _getpid_r
 .text          0x00000000080074c8      0x378 /usr/lib/gcc/arm-none-eabi/10.3.1/thumb/v7e-m/nofp/libgcc.a(_arm_addsubdf3.o)
                0x00000000080074c8                __aeabi_drsub
                0x00000000080074d0                __aeabi_dsub
                0x00000000080074d0                __subdf3
                0x00000000080074d4                __adddf3
                0x00000000080074d4                __aeabi_dadd
                0x000000000800774c                __aeabi_ui2d
                0x000000000800774c                __floatunsidf
                0x000000000800776c                __floatsidf
                0x000000000800776c                __aeabi_i2d
                0x0000000008007790                __extendsfdf2
                0x0000000008007790                __aeabi_f2d
                0x00000000080077d4                __aeabi_ul2d
                0x00000000080077d4                __floatundidf
                0x00000000080077e4                __floatdidf
                0x00000000080077e4                __aeabi_l2d
 .text          0x0000000008007840      0x424 /usr/lib/gcc/arm-none-eabi/10.3.1/thumb/v7e-m/nofp/libgcc.a(_arm_muldivdf3.o)
                0x0000000008007840                __aeabi_dmul
                0x0000000008007840                __muldf3
                0x0000000008007a94                __aeabi_ddiv
                0x0000000008007a94                __divdf3
 .text          0x0000000008007c64      0x110 /usr/lib/gcc/arm-none-eabi/10.3.1/thumb/v7e-m/nofp/libgcc.a(_arm_cmpdf2.o)
                0x0000000008007c64                __gtdf2
                0x0000000008007c64                __gedf2
                0x0000000008007c6c                __ltdf2
                0x0000000008007c6c                __ledf2
                0x0000000008007c74                __cmpdf2
                0x0000000008007c74                __eqdf2
                0x0000000008007c74                __nedf2
                0x0000000008007cf0                __aeabi_cdrcmple
                0x0000000008007d00                __aeabi_cdcmple
                0x0000000008007d00                __aeabi_cdcmpeq
                0x0000000008007d10                __aeabi_dcmpeq
                0x0000000008007d24                __aeabi_dcmplt
                0x0000000008007d38                __aeabi_dcmple
                0x0000000008007d4c                __aeabi_dcmpge
                0x0000000008007d60                __aeabi_dcmpgt
 .text          0x0000000008007d74       0x2c /usr/lib/gcc/arm-none-eabi/10.3.1/thumb/v7e-m/nofp/libgcc.a(_arm_unorddf2.o)
                0x0000000008007d74                __aeabi_dcmpun
                0x0000000008007d74                __unorddf2
 .text          0x0000000008007da0       0x50 /usr/lib/gcc/arm-none-eabi/10.3.1/thumb/v7e-m/nofp/libgcc.a(_arm_fixdfsi.o)
                0x0000000008007da0                __fixdfsi
                0x0000000008007da0                __aeabi_d2iz
 *(.text*)
 .text.LCD_DrawCenteredButton
                0x0000000008007df0       0x2a CMakeFiles/RMosierFinalLab.elf.dir/Core/Src/ApplicationCode.c.obj
                0x0000000008007df0                LCD_DrawCenteredButton
 *fill*         0x0000000008007e1a        0x2 
 .text.Splash_Screen
                0x0000000008007e1c       0xc0 CMakeFiles/RMosierFinalLab.elf.dir/Core/Src/ApplicationCode.c.obj
                0x0000000008007e1c                Splash_Screen
 .text.End_Screen
                0x0000000008007edc       0xcc CMakeFiles/RMosierFinalLab.elf.dir/Core/Src/ApplicationCode.c.obj
                0x0000000008007edc                End_Screen
 .text.Start_Game
                0x0000000008007fa8       0x1c CMakeFiles/RMosierFinalLab.elf.dir/Core/Src/ApplicationCode.c.obj
                0x0000000008007fa8                Start_Game
 .text.LCDTouchScreenInterruptGPIOInit
                0x0000000008007fc4       0x60 CMakeFiles/RMosierFinalLab.elf.dir/Core/Src/ApplicationCode.c.obj
                0x0000000008007fc4                LCDTouchScreenInterruptGPIOInit
 .text.ApplicationInit
                0x0000000008008024       0x4c CMakeFiles/RMosierFinalLab.elf.dir/Core/Src/ApplicationCode.c.obj
                0x0000000008008024                ApplicationInit
 .text.EXTI15_10_IRQHandler
                0x0000000008008070      0x144 CMakeFiles/RMosierFinalLab.elf.dir/Core/Src/ApplicationCode.c.obj
                0x0000000008008070                EXTI15_10_IRQHandler
 .text.LCD_GPIO_Init
                0x00000000080081b4      0x134 CMakeFiles/RMosierFinalLab.elf.dir/Core/Src/LCD_Driver.c.obj
                0x00000000080081b4                LCD_GPIO_Init
 .text.LCD_Draw_Pixel
                0x00000000080082e8       0x14 CMakeFiles/RMosierFinalLab.elf.dir/Core/Src/LCD_Driver.c.obj
                0x00000000080082e8                LCD_Draw_Pixel
 .text.LCD_Draw_Square_Fill
                0x00000000080082fc       0x42 CMakeFiles/RMosierFinalLab.elf.dir/Core/Src/LCD_Driver.c.obj
                0x00000000080082fc                LCD_Draw_Square_Fill
 *fill*         0x000000000800833e        0x2 
 .text.LCD_Clear
                0x0000000008008340       0x1c CMakeFiles/RMosierFinalLab.elf.dir/Core/Src/LCD_Driver.c.obj
                0x0000000008008340                LCD_Clear
 .text.LCD_SetTextColor
                0x000000000800835c        0xc CMakeFiles/RMosierFinalLab.elf.dir/Core/Src/LCD_Driver.c.obj
                0x000000000800835c                LCD_SetTextColor
 .text.LCD_SetFont
                0x0000000008008368        0xc CMakeFiles/RMosierFinalLab.elf.dir/Core/Src/LCD_Driver.c.obj
                0x0000000008008368                LCD_SetFont
 .text.LCD_Draw_Char
                0x0000000008008374       0x78 CMakeFiles/RMosierFinalLab.elf.dir/Core/Src/LCD_Driver.c.obj
                0x0000000008008374                LCD_Draw_Char
 .text.LCD_DisplayChar
                0x00000000080083ec       0x20 CMakeFiles/RMosierFinalLab.elf.dir/Core/Src/LCD_Driver.c.obj
                0x00000000080083ec                LCD_DisplayChar
 .text.LCD_DisplayStringCentered
                0x000000000800840c       0x52 CMakeFiles/RMosierFinalLab.elf.dir/Core/Src/LCD_Driver.c.obj
                0x000000000800840c                LCD_DisplayStringCentered
 .text.LCD_Error_Handler
                0x000000000800845e        0x4 CMakeFiles/RMosierFinalLab.elf.dir/Core/Src/LCD_Driver.c.obj
                0x000000000800845e                LCD_Error_Handler
 *fill*         0x0000000008008462        0x2 
 .text.LTCD_Layer_Init
                0x0000000008008464       0x64 CMakeFiles/RMosierFinalLab.elf.dir/Core/Src/LCD_Driver.c.obj
                0x0000000008008464                LTCD_Layer_Init
 .text.LTCD__Init
                0x00000000080084c8       0x80 CMakeFiles/RMosierFinalLab.elf.dir/Core/Src/LCD_Driver.c.obj
                0x00000000080084c8                LTCD__Init
 .text.InitializeLCDTouch
                0x0000000008008548        0xe CMakeFiles/RMosierFinalLab.elf.dir/Core/Src/LCD_Driver.c.obj
                0x0000000008008548                InitializeLCDTouch
 .text.DetermineTouchPosition
                0x0000000008008556        0x8 CMakeFiles/RMosierFinalLab.elf.dir/Core/Src/LCD_Driver.c.obj
                0x0000000008008556                DetermineTouchPosition
 .text.ReadRegisterFromTouchModule
                0x000000000800855e        0x8 CMakeFiles/RMosierFinalLab.elf.dir/Core/Src/LCD_Driver.c.obj
                0x000000000800855e                ReadRegisterFromTouchModule
 .text.WriteDataToTouchModule
                0x0000000008008566        0x8 CMakeFiles/RMosierFinalLab.elf.dir/Core/Src/LCD_Driver.c.obj
                0x0000000008008566                WriteDataToTouchModule
 .text.Error_Handler
                0x000000000800856e        0x2 CMakeFiles/RMosierFinalLab.elf.dir/Core/Src/RNG.c.obj
 .text.RNG_Init
                0x0000000008008570       0x40 CMakeFiles/RMosierFinalLab.elf.dir/Core/Src/RNG.c.obj
                0x0000000008008570                RNG_Init
 .text.RNG_GetRandomNumber
                0x00000000080085b0       0x18 CMakeFiles/RMosierFinalLab.elf.dir/Core/Src/RNG.c.obj
                0x00000000080085b0                RNG_GetRandomNumber
 .text.BUTTON_Init
                0x00000000080085c8       0x6c CMakeFiles/RMosierFinalLab.elf.dir/Core/Src/button.c.obj
                0x00000000080085c8                BUTTON_Init
 .text.EXTI0_IRQHandler
                0x0000000008008634        0xa CMakeFiles/RMosierFinalLab.elf.dir/Core/Src/button.c.obj
                0x0000000008008634                EXTI0_IRQHandler
 .text.HAL_GPIO_EXTI_Callback
                0x000000000800863e        0xe CMakeFiles/RMosierFinalLab.elf.dir/Core/Src/button.c.obj
                0x000000000800863e                HAL_GPIO_EXTI_Callback
 .text.PieceQueue_IsEmpty
                0x000000000800864c       0x10 CMakeFiles/RMosierFinalLab.elf.dir/Core/Src/game.c.obj
                0x000000000800864c                PieceQueue_IsEmpty
 .text.PieceQueue_IsFull
                0x000000000800865c       0x14 CMakeFiles/RMosierFinalLab.elf.dir/Core/Src/game.c.obj
                0x000000000800865c                PieceQueue_IsFull
 .text.PieceQueue_Enqueue
                0x0000000008008670       0x3c CMakeFiles/RMosierFinalLab.elf.dir/Core/Src/game.c.obj
                0x0000000008008670                PieceQueue_Enqueue
 .text.PieceQueue_Dequeue
                0x00000000080086ac       0x3c CMakeFiles/RMosierFinalLab.elf.dir/Core/Src/game.c.obj
                0x00000000080086ac                PieceQueue_Dequeue
 .text.PieceQueue_Fill
                0x00000000080086e8       0x58 CMakeFiles/RMosierFinalLab.elf.dir/Core/Src/game.c.obj
                0x00000000080086e8                PieceQueue_Fill
 .text.PieceQueue_Init
                0x0000000008008740       0x18 CMakeFiles/RMosierFinalLab.elf.dir/Core/Src/game.c.obj
                0x0000000008008740                PieceQueue_Init
 .text.copy_blocks_data
                0x0000000008008758       0x24 CMakeFiles/RMosierFinalLab.elf.dir/Core/Src/game.c.obj
                0x0000000008008758                copy_blocks_data
 .text.math_rotate
                0x000000000800877c       0x40 CMakeFiles/RMosierFinalLab.elf.dir/Core/Src/game.c.obj
                0x000000000800877c                math_rotate
 .text.can_rotate_piece
                0x00000000080087bc       0xc0 CMakeFiles/RMosierFinalLab.elf.dir/Core/Src/game.c.obj
                0x00000000080087bc                can_rotate_piece
 .text.check_row
                0x000000000800887c       0x28 CMakeFiles/RMosierFinalLab.elf.dir/Core/Src/game.c.obj
                0x000000000800887c                check_row
 .text.clear_row
                0x00000000080088a4       0x54 CMakeFiles/RMosierFinalLab.elf.dir/Core/Src/game.c.obj
                0x00000000080088a4                clear_row
 .text.handle_filled_rows
                0x00000000080088f8       0xd8 CMakeFiles/RMosierFinalLab.elf.dir/Core/Src/game.c.obj
                0x00000000080088f8                handle_filled_rows
 .text.merge_dynamic_to_static
                0x00000000080089d0       0x88 CMakeFiles/RMosierFinalLab.elf.dir/Core/Src/game.c.obj
                0x00000000080089d0                merge_dynamic_to_static
 .text.can_move_piece
                0x0000000008008a58       0x80 CMakeFiles/RMosierFinalLab.elf.dir/Core/Src/game.c.obj
                0x0000000008008a58                can_move_piece
 .text.new_dynamic_piece
                0x0000000008008ad8       0xf8 CMakeFiles/RMosierFinalLab.elf.dir/Core/Src/game.c.obj
                0x0000000008008ad8                new_dynamic_piece
 .text.game_init
                0x0000000008008bd0       0x44 CMakeFiles/RMosierFinalLab.elf.dir/Core/Src/game.c.obj
                0x0000000008008bd0                game_init
 .text.render_piece
                0x0000000008008c14       0x94 CMakeFiles/RMosierFinalLab.elf.dir/Core/Src/game.c.obj
                0x0000000008008c14                render_piece
 .text.move_piece
                0x0000000008008ca8       0x38 CMakeFiles/RMosierFinalLab.elf.dir/Core/Src/game.c.obj
                0x0000000008008ca8                move_piece
 .text.rotate_piece
                0x0000000008008ce0       0x68 CMakeFiles/RMosierFinalLab.elf.dir/Core/Src/game.c.obj
                0x0000000008008ce0                rotate_piece
 .text.render_game
                0x0000000008008d48       0x64 CMakeFiles/RMosierFinalLab.elf.dir/Core/Src/game.c.obj
                0x0000000008008d48                render_game
 .text.SPI_MspInit
                0x0000000008008dac       0x5c CMakeFiles/RMosierFinalLab.elf.dir/Core/Src/ili9341.c.obj
 .text.SPI_Init
                0x0000000008008e08       0x4c CMakeFiles/RMosierFinalLab.elf.dir/Core/Src/ili9341.c.obj
 .text.SPI_Error
                0x0000000008008e54       0x14 CMakeFiles/RMosierFinalLab.elf.dir/Core/Src/ili9341.c.obj
 .text.SPI_Write
                0x0000000008008e68       0x30 CMakeFiles/RMosierFinalLab.elf.dir/Core/Src/ili9341.c.obj
 .text.LCD_IO_Init
                0x0000000008008e98       0xc8 CMakeFiles/RMosierFinalLab.elf.dir/Core/Src/ili9341.c.obj
                0x0000000008008e98                LCD_IO_Init
 .text.LCD_IO_WriteData
                0x0000000008008f60       0x38 CMakeFiles/RMosierFinalLab.elf.dir/Core/Src/ili9341.c.obj
                0x0000000008008f60                LCD_IO_WriteData
 .text.ili9341_Send_Data
                0x0000000008008f98        0x8 CMakeFiles/RMosierFinalLab.elf.dir/Core/Src/ili9341.c.obj
                0x0000000008008f98                ili9341_Send_Data
 .text.LCD_IO_WriteReg
                0x0000000008008fa0       0x38 CMakeFiles/RMosierFinalLab.elf.dir/Core/Src/ili9341.c.obj
                0x0000000008008fa0                LCD_IO_WriteReg
 .text.ili9341_Write_Reg
                0x0000000008008fd8        0x8 CMakeFiles/RMosierFinalLab.elf.dir/Core/Src/ili9341.c.obj
                0x0000000008008fd8                ili9341_Write_Reg
 .text.LCD_Delay
                0x0000000008008fe0        0x8 CMakeFiles/RMosierFinalLab.elf.dir/Core/Src/ili9341.c.obj
                0x0000000008008fe0                LCD_Delay
 .text.ili9341_Init
                0x0000000008008fe8      0x290 CMakeFiles/RMosierFinalLab.elf.dir/Core/Src/ili9341.c.obj
                0x0000000008008fe8                ili9341_Init
 .text.SystemClockOverride
                0x0000000008009278       0x6c CMakeFiles/RMosierFinalLab.elf.dir/Core/Src/main.c.obj
                0x0000000008009278                SystemClockOverride
 .text.main     0x00000000080092e4       0x2c CMakeFiles/RMosierFinalLab.elf.dir/Core/Src/main.c.obj
                0x00000000080092e4                main
 .text.Error_Handler
                0x0000000008009310        0x4 CMakeFiles/RMosierFinalLab.elf.dir/Core/Src/main.c.obj
                0x0000000008009310                Error_Handler
 .text.HAL_MspInit
                0x0000000008009314       0x40 CMakeFiles/RMosierFinalLab.elf.dir/Core/Src/stm32f4xx_hal_msp.c.obj
                0x0000000008009314                HAL_MspInit
 .text.HAL_I2C_MspInit
                0x0000000008009354       0x9c CMakeFiles/RMosierFinalLab.elf.dir/Core/Src/stm32f4xx_hal_msp.c.obj
                0x0000000008009354                HAL_I2C_MspInit
 .text.HAL_LTDC_MspInit
                0x00000000080093f0      0x1b4 CMakeFiles/RMosierFinalLab.elf.dir/Core/Src/stm32f4xx_hal_msp.c.obj
                0x00000000080093f0                HAL_LTDC_MspInit
 .text.HAL_RNG_MspInit
                0x00000000080095a4       0x30 CMakeFiles/RMosierFinalLab.elf.dir/Core/Src/stm32f4xx_hal_msp.c.obj
                0x00000000080095a4                HAL_RNG_MspInit
 .text.HAL_SPI_MspInit
                0x00000000080095d4       0x6c CMakeFiles/RMosierFinalLab.elf.dir/Core/Src/stm32f4xx_hal_msp.c.obj
                0x00000000080095d4                HAL_SPI_MspInit
 .text.HAL_SPI_MspDeInit
                0x0000000008009640       0x30 CMakeFiles/RMosierFinalLab.elf.dir/Core/Src/stm32f4xx_hal_msp.c.obj
                0x0000000008009640                HAL_SPI_MspDeInit
 .text.HAL_TIM_Base_MspInit
                0x0000000008009670       0x30 CMakeFiles/RMosierFinalLab.elf.dir/Core/Src/stm32f4xx_hal_msp.c.obj
                0x0000000008009670                HAL_TIM_Base_MspInit
 .text.NMI_Handler
                0x00000000080096a0        0x2 CMakeFiles/RMosierFinalLab.elf.dir/Core/Src/stm32f4xx_it.c.obj
                0x00000000080096a0                NMI_Handler
 .text.HardFault_Handler
                0x00000000080096a2        0x2 CMakeFiles/RMosierFinalLab.elf.dir/Core/Src/stm32f4xx_it.c.obj
                0x00000000080096a2                HardFault_Handler
 .text.MemManage_Handler
                0x00000000080096a4        0x2 CMakeFiles/RMosierFinalLab.elf.dir/Core/Src/stm32f4xx_it.c.obj
                0x00000000080096a4                MemManage_Handler
 .text.BusFault_Handler
                0x00000000080096a6        0x2 CMakeFiles/RMosierFinalLab.elf.dir/Core/Src/stm32f4xx_it.c.obj
                0x00000000080096a6                BusFault_Handler
 .text.UsageFault_Handler
                0x00000000080096a8        0x2 CMakeFiles/RMosierFinalLab.elf.dir/Core/Src/stm32f4xx_it.c.obj
                0x00000000080096a8                UsageFault_Handler
 .text.SVC_Handler
                0x00000000080096aa        0x2 CMakeFiles/RMosierFinalLab.elf.dir/Core/Src/stm32f4xx_it.c.obj
                0x00000000080096aa                SVC_Handler
 .text.DebugMon_Handler
                0x00000000080096ac        0x2 CMakeFiles/RMosierFinalLab.elf.dir/Core/Src/stm32f4xx_it.c.obj
                0x00000000080096ac                DebugMon_Handler
 .text.PendSV_Handler
                0x00000000080096ae        0x2 CMakeFiles/RMosierFinalLab.elf.dir/Core/Src/stm32f4xx_it.c.obj
                0x00000000080096ae                PendSV_Handler
 .text.SysTick_Handler
                0x00000000080096b0        0x8 CMakeFiles/RMosierFinalLab.elf.dir/Core/Src/stm32f4xx_it.c.obj
                0x00000000080096b0                SysTick_Handler
 .text.I2C3_MspInit
                0x00000000080096b8       0x78 CMakeFiles/RMosierFinalLab.elf.dir/Core/Src/stmpe811.c.obj
 .text.I2C3_Init
                0x0000000008009730       0x54 CMakeFiles/RMosierFinalLab.elf.dir/Core/Src/stmpe811.c.obj
 .text.enableInterruptSupportForTouch
                0x0000000008009784       0x58 CMakeFiles/RMosierFinalLab.elf.dir/Core/Src/stmpe811.c.obj
                0x0000000008009784                enableInterruptSupportForTouch
 .text.verifyHAL_I2C_IS_OKAY
                0x00000000080097dc       0x10 CMakeFiles/RMosierFinalLab.elf.dir/Core/Src/stmpe811.c.obj
                0x00000000080097dc                verifyHAL_I2C_IS_OKAY
 .text.I2C3_Write
                0x00000000080097ec       0x3c CMakeFiles/RMosierFinalLab.elf.dir/Core/Src/stmpe811.c.obj
                0x00000000080097ec                I2C3_Write
 .text.STMPE811_Write
                0x0000000008009828        0xe CMakeFiles/RMosierFinalLab.elf.dir/Core/Src/stmpe811.c.obj
                0x0000000008009828                STMPE811_Write
 *fill*         0x0000000008009836        0x2 
 .text.I2C3_Read
                0x0000000008009838       0x34 CMakeFiles/RMosierFinalLab.elf.dir/Core/Src/stmpe811.c.obj
                0x0000000008009838                I2C3_Read
 .text.STMPE811_Read
                0x000000000800986c       0x1a CMakeFiles/RMosierFinalLab.elf.dir/Core/Src/stmpe811.c.obj
                0x000000000800986c                STMPE811_Read
 *fill*         0x0000000008009886        0x2 
 .text.I2C3_MulitByteRead
                0x0000000008009888       0x24 CMakeFiles/RMosierFinalLab.elf.dir/Core/Src/stmpe811.c.obj
                0x0000000008009888                I2C3_MulitByteRead
 .text.STMPE811_Init
                0x00000000080098ac      0x14e CMakeFiles/RMosierFinalLab.elf.dir/Core/Src/stmpe811.c.obj
                0x00000000080098ac                STMPE811_Init
 *fill*         0x00000000080099fa        0x2 
 .text.TM_STMPE811_ReadX
                0x00000000080099fc       0x80 CMakeFiles/RMosierFinalLab.elf.dir/Core/Src/stmpe811.c.obj
                0x00000000080099fc                TM_STMPE811_ReadX
 .text.TM_STMPE811_ReadY
                0x0000000008009a7c       0x6c CMakeFiles/RMosierFinalLab.elf.dir/Core/Src/stmpe811.c.obj
                0x0000000008009a7c                TM_STMPE811_ReadY
 .text.STMPE811_DetermineTouchPosition
                0x0000000008009ae8       0x86 CMakeFiles/RMosierFinalLab.elf.dir/Core/Src/stmpe811.c.obj
                0x0000000008009ae8                STMPE811_DetermineTouchPosition
 .text.initialise_monitor_handles
                0x0000000008009b6e        0x2 CMakeFiles/RMosierFinalLab.elf.dir/Core/Src/syscalls.c.obj
                0x0000000008009b6e                initialise_monitor_handles
 .text._getpid  0x0000000008009b70        0x4 CMakeFiles/RMosierFinalLab.elf.dir/Core/Src/syscalls.c.obj
                0x0000000008009b70                _getpid
 .text._kill    0x0000000008009b74       0x10 CMakeFiles/RMosierFinalLab.elf.dir/Core/Src/syscalls.c.obj
                0x0000000008009b74                _kill
 .text._exit    0x0000000008009b84        0xc CMakeFiles/RMosierFinalLab.elf.dir/Core/Src/syscalls.c.obj
                0x0000000008009b84                _exit
 .text._read    0x0000000008009b90       0x20 CMakeFiles/RMosierFinalLab.elf.dir/Core/Src/syscalls.c.obj
                0x0000000008009b90                _read
 .text._write   0x0000000008009bb0       0x1c CMakeFiles/RMosierFinalLab.elf.dir/Core/Src/syscalls.c.obj
                0x0000000008009bb0                _write
 .text._close   0x0000000008009bcc        0x6 CMakeFiles/RMosierFinalLab.elf.dir/Core/Src/syscalls.c.obj
                0x0000000008009bcc                _close
 .text._fstat   0x0000000008009bd2        0xa CMakeFiles/RMosierFinalLab.elf.dir/Core/Src/syscalls.c.obj
                0x0000000008009bd2                _fstat
 .text._isatty  0x0000000008009bdc        0x4 CMakeFiles/RMosierFinalLab.elf.dir/Core/Src/syscalls.c.obj
                0x0000000008009bdc                _isatty
 .text._lseek   0x0000000008009be0        0x4 CMakeFiles/RMosierFinalLab.elf.dir/Core/Src/syscalls.c.obj
                0x0000000008009be0                _lseek
 .text._sbrk    0x0000000008009be4       0x48 CMakeFiles/RMosierFinalLab.elf.dir/Core/Src/sysmem.c.obj
                0x0000000008009be4                _sbrk
 .text.SystemInit
                0x0000000008009c2c        0x2 CMakeFiles/RMosierFinalLab.elf.dir/Core/Src/system_stm32f4xx.c.obj
                0x0000000008009c2c                SystemInit
 .text.Error_Handler
                0x0000000008009c2e        0x2 CMakeFiles/RMosierFinalLab.elf.dir/Core/Src/timers.c.obj
 .text.Timer_Elapsed_Init
                0x0000000008009c30       0x60 CMakeFiles/RMosierFinalLab.elf.dir/Core/Src/timers.c.obj
                0x0000000008009c30                Timer_Elapsed_Init
 .text.Timer_Interrupt_Init
                0x0000000008009c90       0x74 CMakeFiles/RMosierFinalLab.elf.dir/Core/Src/timers.c.obj
                0x0000000008009c90                Timer_Interrupt_Init
 .text.TIM3_IRQHandler
                0x0000000008009d04       0x10 CMakeFiles/RMosierFinalLab.elf.dir/Core/Src/timers.c.obj
                0x0000000008009d04                TIM3_IRQHandler
 .text.HAL_TIM_PeriodElapsedCallback
                0x0000000008009d14       0x1c CMakeFiles/RMosierFinalLab.elf.dir/Core/Src/timers.c.obj
                0x0000000008009d14                HAL_TIM_PeriodElapsedCallback
 .text.Timer_Elapsed_Start
                0x0000000008009d30       0x14 CMakeFiles/RMosierFinalLab.elf.dir/Core/Src/timers.c.obj
                0x0000000008009d30                Timer_Elapsed_Start
 .text.Timer_Elapsed_Stop
                0x0000000008009d44       0x14 CMakeFiles/RMosierFinalLab.elf.dir/Core/Src/timers.c.obj
                0x0000000008009d44                Timer_Elapsed_Stop
 .text.Timer_Elapsed_GetTime
                0x0000000008009d58       0x24 CMakeFiles/RMosierFinalLab.elf.dir/Core/Src/timers.c.obj
                0x0000000008009d58                Timer_Elapsed_GetTime
 .text.Timer_Interrupt_Start
                0x0000000008009d7c       0x14 CMakeFiles/RMosierFinalLab.elf.dir/Core/Src/timers.c.obj
                0x0000000008009d7c                Timer_Interrupt_Start
 .text.Timer_Interrupt_Stop
                0x0000000008009d90       0x14 CMakeFiles/RMosierFinalLab.elf.dir/Core/Src/timers.c.obj
                0x0000000008009d90                Timer_Interrupt_Stop
 .text.Timer_Interrupt_Reset
                0x0000000008009da4       0x10 CMakeFiles/RMosierFinalLab.elf.dir/Core/Src/timers.c.obj
                0x0000000008009da4                Timer_Interrupt_Reset
 .text.Reset_Handler
                0x0000000008009db4       0x50 CMakeFiles/RMosierFinalLab.elf.dir/Core/Startup/startup_stm32f429zitx.s.obj
                0x0000000008009db4                Reset_Handler
 .text.Default_Handler
                0x0000000008009e04        0x2 CMakeFiles/RMosierFinalLab.elf.dir/Core/Startup/startup_stm32f429zitx.s.obj
                0x0000000008009e04                RTC_Alarm_IRQHandler
                0x0000000008009e04                HASH_RNG_IRQHandler
                0x0000000008009e04                EXTI2_IRQHandler
                0x0000000008009e04                TIM8_CC_IRQHandler
                0x0000000008009e04                UART8_IRQHandler
                0x0000000008009e04                SPI4_IRQHandler
                0x0000000008009e04                TIM1_CC_IRQHandler
                0x0000000008009e04                DMA2_Stream5_IRQHandler
                0x0000000008009e04                DMA1_Stream5_IRQHandler
                0x0000000008009e04                PVD_IRQHandler
                0x0000000008009e04                SDIO_IRQHandler
                0x0000000008009e04                TAMP_STAMP_IRQHandler
                0x0000000008009e04                CAN2_RX1_IRQHandler
                0x0000000008009e04                EXTI3_IRQHandler
                0x0000000008009e04                TIM8_TRG_COM_TIM14_IRQHandler
                0x0000000008009e04                TIM1_UP_TIM10_IRQHandler
                0x0000000008009e04                TIM8_UP_TIM13_IRQHandler
                0x0000000008009e04                I2C3_ER_IRQHandler
                0x0000000008009e04                I2C2_EV_IRQHandler
                0x0000000008009e04                DMA1_Stream2_IRQHandler
                0x0000000008009e04                CAN1_RX0_IRQHandler
                0x0000000008009e04                FPU_IRQHandler
                0x0000000008009e04                OTG_HS_WKUP_IRQHandler
                0x0000000008009e04                LTDC_ER_IRQHandler
                0x0000000008009e04                CAN2_SCE_IRQHandler
                0x0000000008009e04                DMA2_Stream2_IRQHandler
                0x0000000008009e04                SPI1_IRQHandler
                0x0000000008009e04                TIM6_DAC_IRQHandler
                0x0000000008009e04                TIM1_BRK_TIM9_IRQHandler
                0x0000000008009e04                DCMI_IRQHandler
                0x0000000008009e04                CAN2_RX0_IRQHandler
                0x0000000008009e04                DMA2_Stream3_IRQHandler
                0x0000000008009e04                USART6_IRQHandler
                0x0000000008009e04                USART3_IRQHandler
                0x0000000008009e04                CAN1_RX1_IRQHandler
                0x0000000008009e04                UART5_IRQHandler
                0x0000000008009e04                DMA2_Stream0_IRQHandler
                0x0000000008009e04                TIM4_IRQHandler
                0x0000000008009e04                I2C1_EV_IRQHandler
                0x0000000008009e04                DMA1_Stream6_IRQHandler
                0x0000000008009e04                DMA1_Stream1_IRQHandler
                0x0000000008009e04                UART4_IRQHandler
                0x0000000008009e04                RCC_IRQHandler
                0x0000000008009e04                TIM8_BRK_TIM12_IRQHandler
                0x0000000008009e04                Default_Handler
                0x0000000008009e04                ADC_IRQHandler
                0x0000000008009e04                DMA1_Stream7_IRQHandler
                0x0000000008009e04                SPI5_IRQHandler
                0x0000000008009e04                TIM7_IRQHandler
                0x0000000008009e04                CAN2_TX_IRQHandler
                0x0000000008009e04                TIM5_IRQHandler
                0x0000000008009e04                DMA2_Stream7_IRQHandler
                0x0000000008009e04                I2C3_EV_IRQHandler
                0x0000000008009e04                EXTI9_5_IRQHandler
                0x0000000008009e04                RTC_WKUP_IRQHandler
                0x0000000008009e04                LTDC_IRQHandler
                0x0000000008009e04                ETH_WKUP_IRQHandler
                0x0000000008009e04                SPI2_IRQHandler
                0x0000000008009e04                OTG_HS_EP1_IN_IRQHandler
                0x0000000008009e04                DMA1_Stream0_IRQHandler
                0x0000000008009e04                CAN1_TX_IRQHandler
                0x0000000008009e04                EXTI4_IRQHandler
                0x0000000008009e04                ETH_IRQHandler
                0x0000000008009e04                OTG_HS_EP1_OUT_IRQHandler
                0x0000000008009e04                WWDG_IRQHandler
                0x0000000008009e04                SPI6_IRQHandler
                0x0000000008009e04                TIM2_IRQHandler
                0x0000000008009e04                OTG_FS_WKUP_IRQHandler
                0x0000000008009e04                TIM1_TRG_COM_TIM11_IRQHandler
                0x0000000008009e04                OTG_HS_IRQHandler
                0x0000000008009e04                DMA2D_IRQHandler
                0x0000000008009e04                EXTI1_IRQHandler
                0x0000000008009e04                UART7_IRQHandler
                0x0000000008009e04                USART2_IRQHandler
                0x0000000008009e04                I2C2_ER_IRQHandler
                0x0000000008009e04                DMA2_Stream1_IRQHandler
                0x0000000008009e04                CAN1_SCE_IRQHandler
                0x0000000008009e04                FLASH_IRQHandler
                0x0000000008009e04                DMA2_Stream4_IRQHandler
                0x0000000008009e04                USART1_IRQHandler
                0x0000000008009e04                OTG_FS_IRQHandler
                0x0000000008009e04                SPI3_IRQHandler
                0x0000000008009e04                DMA1_Stream4_IRQHandler
                0x0000000008009e04                I2C1_ER_IRQHandler
                0x0000000008009e04                FMC_IRQHandler
                0x0000000008009e04                DMA2_Stream6_IRQHandler
                0x0000000008009e04                SAI1_IRQHandler
                0x0000000008009e04                DMA1_Stream3_IRQHandler
 *fill*         0x0000000008009e06        0x2 
 .text.HAL_InitTick
                0x0000000008009e08       0x4c CMakeFiles/RMosierFinalLab.elf.dir/Drivers/STM32F4xx_HAL_Driver/Src/stm32f4xx_hal.c.obj
                0x0000000008009e08                HAL_InitTick
 .text.HAL_Init
                0x0000000008009e54       0x34 CMakeFiles/RMosierFinalLab.elf.dir/Drivers/STM32F4xx_HAL_Driver/Src/stm32f4xx_hal.c.obj
                0x0000000008009e54                HAL_Init
 .text.HAL_IncTick
                0x0000000008009e88       0x18 CMakeFiles/RMosierFinalLab.elf.dir/Drivers/STM32F4xx_HAL_Driver/Src/stm32f4xx_hal.c.obj
                0x0000000008009e88                HAL_IncTick
 .text.HAL_GetTick
                0x0000000008009ea0        0xc CMakeFiles/RMosierFinalLab.elf.dir/Drivers/STM32F4xx_HAL_Driver/Src/stm32f4xx_hal.c.obj
                0x0000000008009ea0                HAL_GetTick
 .text.HAL_Delay
                0x0000000008009eac       0x28 CMakeFiles/RMosierFinalLab.elf.dir/Drivers/STM32F4xx_HAL_Driver/Src/stm32f4xx_hal.c.obj
                0x0000000008009eac                HAL_Delay
 .text.HAL_NVIC_SetPriorityGrouping
                0x0000000008009ed4       0x24 CMakeFiles/RMosierFinalLab.elf.dir/Drivers/STM32F4xx_HAL_Driver/Src/stm32f4xx_hal_cortex.c.obj
                0x0000000008009ed4                HAL_NVIC_SetPriorityGrouping
 .text.HAL_NVIC_SetPriority
                0x0000000008009ef8       0x70 CMakeFiles/RMosierFinalLab.elf.dir/Drivers/STM32F4xx_HAL_Driver/Src/stm32f4xx_hal_cortex.c.obj
                0x0000000008009ef8                HAL_NVIC_SetPriority
 .text.HAL_NVIC_EnableIRQ
                0x0000000008009f68       0x1c CMakeFiles/RMosierFinalLab.elf.dir/Drivers/STM32F4xx_HAL_Driver/Src/stm32f4xx_hal_cortex.c.obj
                0x0000000008009f68                HAL_NVIC_EnableIRQ
 .text.HAL_NVIC_DisableIRQ
                0x0000000008009f84       0x24 CMakeFiles/RMosierFinalLab.elf.dir/Drivers/STM32F4xx_HAL_Driver/Src/stm32f4xx_hal_cortex.c.obj
                0x0000000008009f84                HAL_NVIC_DisableIRQ
 .text.HAL_SYSTICK_Config
                0x0000000008009fa8       0x28 CMakeFiles/RMosierFinalLab.elf.dir/Drivers/STM32F4xx_HAL_Driver/Src/stm32f4xx_hal_cortex.c.obj
                0x0000000008009fa8                HAL_SYSTICK_Config
 .text.HAL_NVIC_ClearPendingIRQ
                0x0000000008009fd0       0x1c CMakeFiles/RMosierFinalLab.elf.dir/Drivers/STM32F4xx_HAL_Driver/Src/stm32f4xx_hal_cortex.c.obj
                0x0000000008009fd0                HAL_NVIC_ClearPendingIRQ
 .text.HAL_EXTI_ClearPending
                0x0000000008009fec       0x14 CMakeFiles/RMosierFinalLab.elf.dir/Drivers/STM32F4xx_HAL_Driver/Src/stm32f4xx_hal_exti.c.obj
                0x0000000008009fec                HAL_EXTI_ClearPending
 .text.HAL_GPIO_Init
                0x000000000800a000      0x1fc CMakeFiles/RMosierFinalLab.elf.dir/Drivers/STM32F4xx_HAL_Driver/Src/stm32f4xx_hal_gpio.c.obj
                0x000000000800a000                HAL_GPIO_Init
 .text.HAL_GPIO_DeInit
                0x000000000800a1fc      0x14c CMakeFiles/RMosierFinalLab.elf.dir/Drivers/STM32F4xx_HAL_Driver/Src/stm32f4xx_hal_gpio.c.obj
                0x000000000800a1fc                HAL_GPIO_DeInit
 .text.HAL_GPIO_WritePin
                0x000000000800a348        0xc CMakeFiles/RMosierFinalLab.elf.dir/Drivers/STM32F4xx_HAL_Driver/Src/stm32f4xx_hal_gpio.c.obj
                0x000000000800a348                HAL_GPIO_WritePin
 .text.HAL_GPIO_EXTI_IRQHandler
                0x000000000800a354       0x1c CMakeFiles/RMosierFinalLab.elf.dir/Drivers/STM32F4xx_HAL_Driver/Src/stm32f4xx_hal_gpio.c.obj
                0x000000000800a354                HAL_GPIO_EXTI_IRQHandler
 .text.I2C_IsAcknowledgeFailed
                0x000000000800a370       0x32 CMakeFiles/RMosierFinalLab.elf.dir/Drivers/STM32F4xx_HAL_Driver/Src/stm32f4xx_hal_i2c.c.obj
 .text.I2C_WaitOnFlagUntilTimeout
                0x000000000800a3a2       0xaa CMakeFiles/RMosierFinalLab.elf.dir/Drivers/STM32F4xx_HAL_Driver/Src/stm32f4xx_hal_i2c.c.obj
 .text.I2C_WaitOnMasterAddressFlagUntilTimeout
                0x000000000800a44c       0xd6 CMakeFiles/RMosierFinalLab.elf.dir/Drivers/STM32F4xx_HAL_Driver/Src/stm32f4xx_hal_i2c.c.obj
 .text.I2C_WaitOnTXEFlagUntilTimeout
                0x000000000800a522       0x5e CMakeFiles/RMosierFinalLab.elf.dir/Drivers/STM32F4xx_HAL_Driver/Src/stm32f4xx_hal_i2c.c.obj
 .text.I2C_RequestMemoryWrite
                0x000000000800a580       0xd8 CMakeFiles/RMosierFinalLab.elf.dir/Drivers/STM32F4xx_HAL_Driver/Src/stm32f4xx_hal_i2c.c.obj
 .text.I2C_RequestMemoryRead
                0x000000000800a658      0x154 CMakeFiles/RMosierFinalLab.elf.dir/Drivers/STM32F4xx_HAL_Driver/Src/stm32f4xx_hal_i2c.c.obj
 .text.I2C_WaitOnBTFFlagUntilTimeout
                0x000000000800a7ac       0x5e CMakeFiles/RMosierFinalLab.elf.dir/Drivers/STM32F4xx_HAL_Driver/Src/stm32f4xx_hal_i2c.c.obj
 .text.I2C_WaitOnRXNEFlagUntilTimeout
                0x000000000800a80a       0x78 CMakeFiles/RMosierFinalLab.elf.dir/Drivers/STM32F4xx_HAL_Driver/Src/stm32f4xx_hal_i2c.c.obj
 *fill*         0x000000000800a882        0x2 
 .text.HAL_I2C_Init
                0x000000000800a884      0x1bc CMakeFiles/RMosierFinalLab.elf.dir/Drivers/STM32F4xx_HAL_Driver/Src/stm32f4xx_hal_i2c.c.obj
                0x000000000800a884                HAL_I2C_Init
 .text.HAL_I2C_Mem_Write
                0x000000000800aa40      0x164 CMakeFiles/RMosierFinalLab.elf.dir/Drivers/STM32F4xx_HAL_Driver/Src/stm32f4xx_hal_i2c.c.obj
                0x000000000800aa40                HAL_I2C_Mem_Write
 .text.HAL_I2C_Mem_Read
                0x000000000800aba4      0x2f8 CMakeFiles/RMosierFinalLab.elf.dir/Drivers/STM32F4xx_HAL_Driver/Src/stm32f4xx_hal_i2c.c.obj
                0x000000000800aba4                HAL_I2C_Mem_Read
 .text.LTDC_SetConfig
                0x000000000800ae9c      0x1b2 CMakeFiles/RMosierFinalLab.elf.dir/Drivers/STM32F4xx_HAL_Driver/Src/stm32f4xx_hal_ltdc.c.obj
 *fill*         0x000000000800b04e        0x2 
 .text.HAL_LTDC_Init
                0x000000000800b050       0xf8 CMakeFiles/RMosierFinalLab.elf.dir/Drivers/STM32F4xx_HAL_Driver/Src/stm32f4xx_hal_ltdc.c.obj
                0x000000000800b050                HAL_LTDC_Init
 .text.HAL_LTDC_ConfigLayer
                0x000000000800b148       0x68 CMakeFiles/RMosierFinalLab.elf.dir/Drivers/STM32F4xx_HAL_Driver/Src/stm32f4xx_hal_ltdc.c.obj
                0x000000000800b148                HAL_LTDC_ConfigLayer
 .text.HAL_RCC_OscConfig
                0x000000000800b1b0      0x3f8 CMakeFiles/RMosierFinalLab.elf.dir/Drivers/STM32F4xx_HAL_Driver/Src/stm32f4xx_hal_rcc.c.obj
                0x000000000800b1b0                HAL_RCC_OscConfig
 .text.HAL_RCC_GetSysClockFreq
                0x000000000800b5a8       0xd4 CMakeFiles/RMosierFinalLab.elf.dir/Drivers/STM32F4xx_HAL_Driver/Src/stm32f4xx_hal_rcc.c.obj
                0x000000000800b5a8                HAL_RCC_GetSysClockFreq
 .text.HAL_RCC_ClockConfig
                0x000000000800b67c      0x160 CMakeFiles/RMosierFinalLab.elf.dir/Drivers/STM32F4xx_HAL_Driver/Src/stm32f4xx_hal_rcc.c.obj
                0x000000000800b67c                HAL_RCC_ClockConfig
 .text.HAL_RCC_GetHCLKFreq
                0x000000000800b7dc        0xc CMakeFiles/RMosierFinalLab.elf.dir/Drivers/STM32F4xx_HAL_Driver/Src/stm32f4xx_hal_rcc.c.obj
                0x000000000800b7dc                HAL_RCC_GetHCLKFreq
 .text.HAL_RCC_GetPCLK1Freq
                0x000000000800b7e8       0x20 CMakeFiles/RMosierFinalLab.elf.dir/Drivers/STM32F4xx_HAL_Driver/Src/stm32f4xx_hal_rcc.c.obj
                0x000000000800b7e8                HAL_RCC_GetPCLK1Freq
 .text.HAL_RCCEx_PeriphCLKConfig
                0x000000000800b808      0x284 CMakeFiles/RMosierFinalLab.elf.dir/Drivers/STM32F4xx_HAL_Driver/Src/stm32f4xx_hal_rcc_ex.c.obj
                0x000000000800b808                HAL_RCCEx_PeriphCLKConfig
 .text.HAL_RNG_Init
                0x000000000800ba8c       0x2e CMakeFiles/RMosierFinalLab.elf.dir/Drivers/STM32F4xx_HAL_Driver/Src/stm32f4xx_hal_rng.c.obj
                0x000000000800ba8c                HAL_RNG_Init
 .text.HAL_RNG_GenerateRandomNumber
                0x000000000800baba       0x6e CMakeFiles/RMosierFinalLab.elf.dir/Drivers/STM32F4xx_HAL_Driver/Src/stm32f4xx_hal_rng.c.obj
                0x000000000800baba                HAL_RNG_GenerateRandomNumber
 .text.SPI_WaitFlagStateUntilTimeout
                0x000000000800bb28       0xd4 CMakeFiles/RMosierFinalLab.elf.dir/Drivers/STM32F4xx_HAL_Driver/Src/stm32f4xx_hal_spi.c.obj
 .text.SPI_EndRxTxTransaction
                0x000000000800bbfc       0x80 CMakeFiles/RMosierFinalLab.elf.dir/Drivers/STM32F4xx_HAL_Driver/Src/stm32f4xx_hal_spi.c.obj
 .text.HAL_SPI_Init
                0x000000000800bc7c       0xbe CMakeFiles/RMosierFinalLab.elf.dir/Drivers/STM32F4xx_HAL_Driver/Src/stm32f4xx_hal_spi.c.obj
                0x000000000800bc7c                HAL_SPI_Init
 .text.HAL_SPI_DeInit
                0x000000000800bd3a       0x2c CMakeFiles/RMosierFinalLab.elf.dir/Drivers/STM32F4xx_HAL_Driver/Src/stm32f4xx_hal_spi.c.obj
                0x000000000800bd3a                HAL_SPI_DeInit
 .text.HAL_SPI_Transmit
                0x000000000800bd66      0x1c4 CMakeFiles/RMosierFinalLab.elf.dir/Drivers/STM32F4xx_HAL_Driver/Src/stm32f4xx_hal_spi.c.obj
                0x000000000800bd66                HAL_SPI_Transmit
 .text.HAL_SPI_GetState
                0x000000000800bf2a        0x6 CMakeFiles/RMosierFinalLab.elf.dir/Drivers/STM32F4xx_HAL_Driver/Src/stm32f4xx_hal_spi.c.obj
                0x000000000800bf2a                HAL_SPI_GetState
 .text.HAL_TIM_Base_Start
                0x000000000800bf30       0x7c CMakeFiles/RMosierFinalLab.elf.dir/Drivers/STM32F4xx_HAL_Driver/Src/stm32f4xx_hal_tim.c.obj
                0x000000000800bf30                HAL_TIM_Base_Start
 .text.HAL_TIM_Base_Stop
                0x000000000800bfac       0x28 CMakeFiles/RMosierFinalLab.elf.dir/Drivers/STM32F4xx_HAL_Driver/Src/stm32f4xx_hal_tim.c.obj
                0x000000000800bfac                HAL_TIM_Base_Stop
 .text.HAL_TIM_Base_Start_IT
                0x000000000800bfd4       0x88 CMakeFiles/RMosierFinalLab.elf.dir/Drivers/STM32F4xx_HAL_Driver/Src/stm32f4xx_hal_tim.c.obj
                0x000000000800bfd4                HAL_TIM_Base_Start_IT
 .text.HAL_TIM_Base_Stop_IT
                0x000000000800c05c       0x32 CMakeFiles/RMosierFinalLab.elf.dir/Drivers/STM32F4xx_HAL_Driver/Src/stm32f4xx_hal_tim.c.obj
                0x000000000800c05c                HAL_TIM_Base_Stop_IT
 .text.HAL_TIM_OC_DelayElapsedCallback
                0x000000000800c08e        0x2 CMakeFiles/RMosierFinalLab.elf.dir/Drivers/STM32F4xx_HAL_Driver/Src/stm32f4xx_hal_tim.c.obj
                0x000000000800c08e                HAL_TIM_OC_DelayElapsedCallback
 .text.HAL_TIM_IC_CaptureCallback
                0x000000000800c090        0x2 CMakeFiles/RMosierFinalLab.elf.dir/Drivers/STM32F4xx_HAL_Driver/Src/stm32f4xx_hal_tim.c.obj
                0x000000000800c090                HAL_TIM_IC_CaptureCallback
 .text.HAL_TIM_PWM_PulseFinishedCallback
                0x000000000800c092        0x2 CMakeFiles/RMosierFinalLab.elf.dir/Drivers/STM32F4xx_HAL_Driver/Src/stm32f4xx_hal_tim.c.obj
                0x000000000800c092                HAL_TIM_PWM_PulseFinishedCallback
 .text.HAL_TIM_TriggerCallback
                0x000000000800c094        0x2 CMakeFiles/RMosierFinalLab.elf.dir/Drivers/STM32F4xx_HAL_Driver/Src/stm32f4xx_hal_tim.c.obj
                0x000000000800c094                HAL_TIM_TriggerCallback
 .text.HAL_TIM_IRQHandler
                0x000000000800c096      0x15e CMakeFiles/RMosierFinalLab.elf.dir/Drivers/STM32F4xx_HAL_Driver/Src/stm32f4xx_hal_tim.c.obj
                0x000000000800c096                HAL_TIM_IRQHandler
 .text.TIM_Base_SetConfig
                0x000000000800c1f4       0xd8 CMakeFiles/RMosierFinalLab.elf.dir/Drivers/STM32F4xx_HAL_Driver/Src/stm32f4xx_hal_tim.c.obj
                0x000000000800c1f4                TIM_Base_SetConfig
 .text.HAL_TIM_Base_Init
                0x000000000800c2cc       0x58 CMakeFiles/RMosierFinalLab.elf.dir/Drivers/STM32F4xx_HAL_Driver/Src/stm32f4xx_hal_tim.c.obj
                0x000000000800c2cc                HAL_TIM_Base_Init
 .text.HAL_TIMEx_CommutCallback
                0x000000000800c324        0x2 CMakeFiles/RMosierFinalLab.elf.dir/Drivers/STM32F4xx_HAL_Driver/Src/stm32f4xx_hal_tim_ex.c.obj
                0x000000000800c324                HAL_TIMEx_CommutCallback
 .text.HAL_TIMEx_BreakCallback
                0x000000000800c326        0x2 CMakeFiles/RMosierFinalLab.elf.dir/Drivers/STM32F4xx_HAL_Driver/Src/stm32f4xx_hal_tim_ex.c.obj
                0x000000000800c326                HAL_TIMEx_BreakCallback
 .text.startup  0x000000000800c328       0x14 /usr/lib/gcc/arm-none-eabi/10.3.1/../../../arm-none-eabi/lib/thumb/v7e-m/nofp/libg.a(lib_a-__call_atexit.o)
 *(.glue_7)
 .glue_7        0x000000000800c33c        0x0 linker stubs
 *(.glue_7t)
 .glue_7t       0x000000000800c33c        0x0 linker stubs
 *(.eh_frame)
 .eh_frame      0x000000000800c33c        0x0 /usr/lib/gcc/arm-none-eabi/10.3.1/thumb/v7e-m/nofp/crtbegin.o
 *(.init)
 .init          0x000000000800c33c        0x4 /usr/lib/gcc/arm-none-eabi/10.3.1/thumb/v7e-m/nofp/crti.o
                0x000000000800c33c                _init
 .init          0x000000000800c340        0x8 /usr/lib/gcc/arm-none-eabi/10.3.1/thumb/v7e-m/nofp/crtn.o
 *(.fini)
 .fini          0x000000000800c348        0x4 /usr/lib/gcc/arm-none-eabi/10.3.1/thumb/v7e-m/nofp/crti.o
                0x000000000800c348                _fini
 .fini          0x000000000800c34c        0x8 /usr/lib/gcc/arm-none-eabi/10.3.1/thumb/v7e-m/nofp/crtn.o
                0x000000000800c354                . = ALIGN (0x4)
                0x000000000800c354                _etext = .

.vfp11_veneer   0x000000000800c354        0x0
 .vfp11_veneer  0x000000000800c354        0x0 linker stubs

.v4_bx          0x000000000800c354        0x0
 .v4_bx         0x000000000800c354        0x0 linker stubs

.iplt           0x000000000800c354        0x0
 .iplt          0x000000000800c354        0x0 /usr/lib/gcc/arm-none-eabi/10.3.1/thumb/v7e-m/nofp/crtbegin.o

.rodata         0x000000000800c358     0x15fc
                0x000000000800c358                . = ALIGN (0x4)
 *(.rodata)
 .rodata        0x000000000800c358       0x10 CMakeFiles/RMosierFinalLab.elf.dir/Core/Src/game.c.obj
 .rodata        0x000000000800c368        0x4 /usr/lib/gcc/arm-none-eabi/10.3.1/../../../arm-none-eabi/lib/thumb/v7e-m/nofp/libg.a(lib_a-impure.o)
                0x000000000800c368                _global_impure_ptr
 .rodata        0x000000000800c36c       0x20 /usr/lib/gcc/arm-none-eabi/10.3.1/../../../arm-none-eabi/lib/thumb/v7e-m/nofp/libg.a(lib_a-svfprintf.o)
 *fill*         0x000000000800c38c        0x4 
 .rodata        0x000000000800c390      0x128 /usr/lib/gcc/arm-none-eabi/10.3.1/../../../arm-none-eabi/lib/thumb/v7e-m/nofp/libg.a(lib_a-mprec.o)
                0x000000000800c3a0                __mprec_tens
                0x000000000800c468                __mprec_tinytens
                0x000000000800c490                __mprec_bigtens
 .rodata        0x000000000800c4b8       0x20 /usr/lib/gcc/arm-none-eabi/10.3.1/../../../arm-none-eabi/lib/thumb/v7e-m/nofp/libg.a(lib_a-svfiprintf.o)
 .rodata        0x000000000800c4d8       0x20 /usr/lib/gcc/arm-none-eabi/10.3.1/../../../arm-none-eabi/lib/thumb/v7e-m/nofp/libg.a(lib_a-vfiprintf.o)
 .rodata        0x000000000800c4f8      0x101 /usr/lib/gcc/arm-none-eabi/10.3.1/../../../arm-none-eabi/lib/thumb/v7e-m/nofp/libg.a(lib_a-ctype_.o)
                0x000000000800c4f8                _ctype_
 *(.rodata*)
 *fill*         0x000000000800c5f9        0x3 
 .rodata.Splash_Screen.str1.4
                0x000000000800c5fc        0x6 CMakeFiles/RMosierFinalLab.elf.dir/Core/Src/ApplicationCode.c.obj
 *fill*         0x000000000800c602        0x2 
 .rodata.End_Screen.str1.4
                0x000000000800c604       0x48 CMakeFiles/RMosierFinalLab.elf.dir/Core/Src/ApplicationCode.c.obj
 .rodata.ASCII16x24_Table
                0x000000000800c64c     0x11d0 CMakeFiles/RMosierFinalLab.elf.dir/Core/Src/fonts.c.obj
                0x000000000800c64c                ASCII16x24_Table
 .rodata.AHBPrescTable
                0x000000000800d81c       0x10 CMakeFiles/RMosierFinalLab.elf.dir/Core/Src/system_stm32f4xx.c.obj
                0x000000000800d81c                AHBPrescTable
 .rodata.APBPrescTable
                0x000000000800d82c        0x8 CMakeFiles/RMosierFinalLab.elf.dir/Core/Src/system_stm32f4xx.c.obj
                0x000000000800d82c                APBPrescTable
 .rodata.str1.4
                0x000000000800d834       0x42 /usr/lib/gcc/arm-none-eabi/10.3.1/../../../arm-none-eabi/lib/thumb/v7e-m/nofp/libg.a(lib_a-svfprintf.o)
 *fill*         0x000000000800d876        0x2 
 .rodata.str1.4
                0x000000000800d878       0x56 /usr/lib/gcc/arm-none-eabi/10.3.1/../../../arm-none-eabi/lib/thumb/v7e-m/nofp/libg.a(lib_a-dtoa.o)
                                         0x5a (size before relaxing)
 *fill*         0x000000000800d8ce        0x2 
 .rodata.str1.4
                0x000000000800d8d0       0x33 /usr/lib/gcc/arm-none-eabi/10.3.1/../../../arm-none-eabi/lib/thumb/v7e-m/nofp/libg.a(lib_a-mprec.o)
                                         0x47 (size before relaxing)
 .rodata.str1.4
                0x000000000800d903       0x2f /usr/lib/gcc/arm-none-eabi/10.3.1/../../../arm-none-eabi/lib/thumb/v7e-m/nofp/libg.a(lib_a-svfiprintf.o)
 .rodata.str1.4
                0x000000000800d903       0x2f /usr/lib/gcc/arm-none-eabi/10.3.1/../../../arm-none-eabi/lib/thumb/v7e-m/nofp/libg.a(lib_a-vfiprintf.o)
 *fill*         0x000000000800d903        0x1 
 .rodata.str1.4
                0x000000000800d904       0x3f /usr/lib/gcc/arm-none-eabi/10.3.1/../../../arm-none-eabi/lib/thumb/v7e-m/nofp/libg.a(lib_a-assert.o)
                                         0x43 (size before relaxing)
 *fill*         0x000000000800d943        0x1 
 .rodata.str1.4
                0x000000000800d944        0xe /usr/lib/gcc/arm-none-eabi/10.3.1/../../../arm-none-eabi/lib/thumb/v7e-m/nofp/libg.a(lib_a-locale.o)
                                         0x12 (size before relaxing)
                0x000000000800d954                . = ALIGN (0x4)
 *fill*         0x000000000800d952        0x2 

.ARM.extab      0x000000000800d954        0x0
                0x000000000800d954                . = ALIGN (0x4)
 *(.ARM.extab* .gnu.linkonce.armextab.*)
                0x000000000800d954                . = ALIGN (0x4)

.ARM            0x000000000800d954        0x8
                0x000000000800d954                . = ALIGN (0x4)
                0x000000000800d954                __exidx_start = .
 *(.ARM.exidx*)
 .ARM.exidx     0x000000000800d954        0x8 /usr/lib/gcc/arm-none-eabi/10.3.1/thumb/v7e-m/nofp/libgcc.a(_udivmoddi4.o)
                0x000000000800d95c                __exidx_end = .
                0x000000000800d95c                . = ALIGN (0x4)

.preinit_array  0x000000000800d95c        0x0
                0x000000000800d95c                . = ALIGN (0x4)
                0x000000000800d95c                PROVIDE (__preinit_array_start = .)
 *(.preinit_array*)
                0x000000000800d95c                PROVIDE (__preinit_array_end = .)
                0x000000000800d95c                . = ALIGN (0x4)

.init_array     0x000000000800d95c        0x8
                0x000000000800d95c                . = ALIGN (0x4)
                0x000000000800d95c                PROVIDE (__init_array_start = .)
 *(SORT_BY_NAME(.init_array.*))
 .init_array.00000
                0x000000000800d95c        0x4 /usr/lib/gcc/arm-none-eabi/10.3.1/../../../arm-none-eabi/lib/thumb/v7e-m/nofp/libg.a(lib_a-__call_atexit.o)
 *(.init_array*)
 .init_array    0x000000000800d960        0x4 /usr/lib/gcc/arm-none-eabi/10.3.1/thumb/v7e-m/nofp/crtbegin.o
                0x000000000800d964                PROVIDE (__init_array_end = .)
                0x000000000800d964                . = ALIGN (0x4)

.fini_array     0x000000000800d964        0x4
                0x000000000800d964                . = ALIGN (0x4)
                0x000000000800d964                PROVIDE (__fini_array_start = .)
 *(SORT_BY_NAME(.fini_array.*))
 *(.fini_array*)
 .fini_array    0x000000000800d964        0x4 /usr/lib/gcc/arm-none-eabi/10.3.1/thumb/v7e-m/nofp/crtbegin.o
                0x000000000800d968                PROVIDE (__fini_array_end = .)
                0x000000000800d968                . = ALIGN (0x4)
                0x000000000800d968                _sidata = LOADADDR (.data)

.rel.dyn        0x000000000800d968        0x0
 .rel.iplt      0x000000000800d968        0x0 /usr/lib/gcc/arm-none-eabi/10.3.1/thumb/v7e-m/nofp/crtbegin.o

.data           0x0000000020000000      0xa68 load address 0x000000000800d968
                0x0000000020000000                . = ALIGN (0x4)
                0x0000000020000000                _sdata = .
 *(.data)
 .data          0x0000000020000000      0x430 /usr/lib/gcc/arm-none-eabi/10.3.1/../../../arm-none-eabi/lib/thumb/v7e-m/nofp/libg.a(lib_a-impure.o)
                0x0000000020000000                _impure_ptr
 .data          0x0000000020000430      0x410 /usr/lib/gcc/arm-none-eabi/10.3.1/../../../arm-none-eabi/lib/thumb/v7e-m/nofp/libg.a(lib_a-mallocr.o)
                0x0000000020000430                __malloc_av_
                0x0000000020000838                __malloc_sbrk_base
                0x000000002000083c                __malloc_trim_threshold
 .data          0x0000000020000840      0x16c /usr/lib/gcc/arm-none-eabi/10.3.1/../../../arm-none-eabi/lib/thumb/v7e-m/nofp/libg.a(lib_a-locale.o)
                0x0000000020000840                __global_locale
 *(.data*)
 .data.CurrentTextColor
                0x00000000200009ac        0x2 CMakeFiles/RMosierFinalLab.elf.dir/Core/Src/LCD_Driver.c.obj
 *fill*         0x00000000200009ae        0x2 
 .data.Font16x24
                0x00000000200009b0        0x8 CMakeFiles/RMosierFinalLab.elf.dir/Core/Src/fonts.c.obj
                0x00000000200009b0                Font16x24
 .data.I_all    0x00000000200009b8       0x40 CMakeFiles/RMosierFinalLab.elf.dir/Core/Src/game.c.obj
 .data.J_0      0x00000000200009f8       0x10 CMakeFiles/RMosierFinalLab.elf.dir/Core/Src/game.c.obj
 .data.L_0      0x0000000020000a08       0x10 CMakeFiles/RMosierFinalLab.elf.dir/Core/Src/game.c.obj
 .data.O_all    0x0000000020000a18       0x10 CMakeFiles/RMosierFinalLab.elf.dir/Core/Src/game.c.obj
 .data.S_0      0x0000000020000a28       0x10 CMakeFiles/RMosierFinalLab.elf.dir/Core/Src/game.c.obj
 .data.T_0      0x0000000020000a38       0x10 CMakeFiles/RMosierFinalLab.elf.dir/Core/Src/game.c.obj
 .data.Z_0      0x0000000020000a48       0x10 CMakeFiles/RMosierFinalLab.elf.dir/Core/Src/game.c.obj
 .data.SpiTimeout
                0x0000000020000a58        0x4 CMakeFiles/RMosierFinalLab.elf.dir/Core/Src/ili9341.c.obj
                0x0000000020000a58                SpiTimeout
 .data.SystemCoreClock
                0x0000000020000a5c        0x4 CMakeFiles/RMosierFinalLab.elf.dir/Core/Src/system_stm32f4xx.c.obj
                0x0000000020000a5c                SystemCoreClock
 .data.uwTickFreq
                0x0000000020000a60        0x1 CMakeFiles/RMosierFinalLab.elf.dir/Drivers/STM32F4xx_HAL_Driver/Src/stm32f4xx_hal.c.obj
                0x0000000020000a60                uwTickFreq
 *fill*         0x0000000020000a61        0x3 
 .data.uwTickPrio
                0x0000000020000a64        0x4 CMakeFiles/RMosierFinalLab.elf.dir/Drivers/STM32F4xx_HAL_Driver/Src/stm32f4xx_hal.c.obj
                0x0000000020000a64                uwTickPrio
 *(.RamFunc)
 *(.RamFunc*)
                0x0000000020000a68                . = ALIGN (0x4)
                0x0000000020000a68                _edata = .
                0x000000000800e3d0                _siccmram = LOADADDR (.ccmram)

.tm_clone_table
                0x0000000020000a68        0x0 load address 0x000000000800e3d0
 .tm_clone_table
                0x0000000020000a68        0x0 /usr/lib/gcc/arm-none-eabi/10.3.1/thumb/v7e-m/nofp/crtbegin.o
 .tm_clone_table
                0x0000000020000a68        0x0 /usr/lib/gcc/arm-none-eabi/10.3.1/thumb/v7e-m/nofp/crtend.o

.igot.plt       0x0000000020000a68        0x0 load address 0x000000000800e3d0
 .igot.plt      0x0000000020000a68        0x0 /usr/lib/gcc/arm-none-eabi/10.3.1/thumb/v7e-m/nofp/crtbegin.o

.ccmram         0x0000000010000000        0x0 load address 0x000000000800e3d0
                0x0000000010000000                . = ALIGN (0x4)
                0x0000000010000000                _sccmram = .
 *(.ccmram)
 *(.ccmram*)
                0x0000000010000000                . = ALIGN (0x4)
                0x0000000010000000                _eccmram = .
                0x0000000010000000                . = ALIGN (0x4)

.bss            0x0000000020000a68    0x25df4
                0x0000000020000a68                _sbss = .
                0x0000000020000a68                __bss_start__ = _sbss
 *(.bss)
 .bss           0x0000000020000a68       0x1c /usr/lib/gcc/arm-none-eabi/10.3.1/thumb/v7e-m/nofp/crtbegin.o
 .bss           0x0000000020000a84       0x34 /usr/lib/gcc/arm-none-eabi/10.3.1/../../../arm-none-eabi/lib/thumb/v7e-m/nofp/libg.a(lib_a-mallocr.o)
                0x0000000020000a84                __malloc_top_pad
                0x0000000020000a88                __malloc_current_mallinfo
                0x0000000020000ab0                __malloc_max_sbrked_mem
                0x0000000020000ab4                __malloc_max_total_mem
 .bss           0x0000000020000ab8        0x4 /usr/lib/gcc/arm-none-eabi/10.3.1/../../../arm-none-eabi/lib/thumb/v7e-m/nofp/libg.a(lib_a-reent.o)
                0x0000000020000ab8                errno
 *(.bss*)
 .bss.LCDTouchIRQ
                0x0000000020000abc        0x8 CMakeFiles/RMosierFinalLab.elf.dir/Core/Src/ApplicationCode.c.obj
 .bss.StaticTouchData
                0x0000000020000ac4        0x8 CMakeFiles/RMosierFinalLab.elf.dir/Core/Src/ApplicationCode.c.obj
 .bss.count.0   0x0000000020000acc        0x4 CMakeFiles/RMosierFinalLab.elf.dir/Core/Src/ApplicationCode.c.obj
 .bss.state     0x0000000020000ad0        0x1 CMakeFiles/RMosierFinalLab.elf.dir/Core/Src/ApplicationCode.c.obj
                0x0000000020000ad0                state
 .bss.statusFlag
                0x0000000020000ad1        0x1 CMakeFiles/RMosierFinalLab.elf.dir/Core/Src/ApplicationCode.c.obj
 *fill*         0x0000000020000ad2        0x2 
 .bss.LCD_Currentfonts
                0x0000000020000ad4        0x4 CMakeFiles/RMosierFinalLab.elf.dir/Core/Src/LCD_Driver.c.obj
 .bss.PeriphClkInitStruct
                0x0000000020000ad8       0x30 CMakeFiles/RMosierFinalLab.elf.dir/Core/Src/LCD_Driver.c.obj
 .bss.frameBuffer
                0x0000000020000b08    0x25800 CMakeFiles/RMosierFinalLab.elf.dir/Core/Src/LCD_Driver.c.obj
                0x0000000020000b08                frameBuffer
 .bss.hltdc     0x0000000020026308       0xa8 CMakeFiles/RMosierFinalLab.elf.dir/Core/Src/LCD_Driver.c.obj
 .bss.hrng      0x00000000200263b0       0x10 CMakeFiles/RMosierFinalLab.elf.dir/Core/Src/RNG.c.obj
 .bss.doubles   0x00000000200263c0        0x2 CMakeFiles/RMosierFinalLab.elf.dir/Core/Src/game.c.obj
                0x00000000200263c0                doubles
 *fill*         0x00000000200263c2        0x2 
 .bss.gameBoard
                0x00000000200263c4      0x334 CMakeFiles/RMosierFinalLab.elf.dir/Core/Src/game.c.obj
                0x00000000200263c4                gameBoard
 .bss.pieceQueue
                0x00000000200266f8       0x14 CMakeFiles/RMosierFinalLab.elf.dir/Core/Src/game.c.obj
 .bss.quads     0x000000002002670c        0x2 CMakeFiles/RMosierFinalLab.elf.dir/Core/Src/game.c.obj
                0x000000002002670c                quads
 .bss.singles   0x000000002002670e        0x2 CMakeFiles/RMosierFinalLab.elf.dir/Core/Src/game.c.obj
                0x000000002002670e                singles
 .bss.triples   0x0000000020026710        0x2 CMakeFiles/RMosierFinalLab.elf.dir/Core/Src/game.c.obj
                0x0000000020026710                triples
 .bss.Is_LCD_IO_Initialized
                0x0000000020026712        0x1 CMakeFiles/RMosierFinalLab.elf.dir/Core/Src/ili9341.c.obj
 *fill*         0x0000000020026713        0x1 
 .bss.SpiHandle
                0x0000000020026714       0x58 CMakeFiles/RMosierFinalLab.elf.dir/Core/Src/ili9341.c.obj
 .bss.HAL_status
                0x000000002002676c        0x1 CMakeFiles/RMosierFinalLab.elf.dir/Core/Src/stmpe811.c.obj
 *fill*         0x000000002002676d        0x3 
 .bss.hI2C3     0x0000000020026770       0x54 CMakeFiles/RMosierFinalLab.elf.dir/Core/Src/stmpe811.c.obj
 .bss.__sbrk_heap_end
                0x00000000200267c4        0x4 CMakeFiles/RMosierFinalLab.elf.dir/Core/Src/sysmem.c.obj
 .bss.htim2     0x00000000200267c8       0x48 CMakeFiles/RMosierFinalLab.elf.dir/Core/Src/timers.c.obj
                0x00000000200267c8                htim2
 .bss.htim3     0x0000000020026810       0x48 CMakeFiles/RMosierFinalLab.elf.dir/Core/Src/timers.c.obj
                0x0000000020026810                htim3
 .bss.uwTick    0x0000000020026858        0x4 CMakeFiles/RMosierFinalLab.elf.dir/Drivers/STM32F4xx_HAL_Driver/Src/stm32f4xx_hal.c.obj
                0x0000000020026858                uwTick
 *(COMMON)
                0x000000002002685c                . = ALIGN (0x4)
                0x000000002002685c                _ebss = .
                0x000000002002685c                __bss_end__ = _ebss

._user_heap_stack
                0x000000002002685c      0x604
                0x0000000020026860                . = ALIGN (0x8)
 *fill*         0x000000002002685c        0x4 
                [!provide]                        PROVIDE (end = .)
                0x0000000020026860                PROVIDE (_end = .)
                0x0000000020026a60                . = (. + _Min_Heap_Size)
 *fill*         0x0000000020026860      0x200 
                0x0000000020026e60                . = (. + _Min_Stack_Size)
 *fill*         0x0000000020026a60      0x400 
                0x0000000020026e60                . = ALIGN (0x8)

/DISCARD/
 libc.a(*)
 libm.a(*)
 libgcc.a(*)

.ARM.attributes
                0x0000000000000000       0x2a
 *(.ARM.attributes)
 .ARM.attributes
                0x0000000000000000       0x1e /usr/lib/gcc/arm-none-eabi/10.3.1/thumb/v7e-m/nofp/crti.o
 .ARM.attributes
                0x000000000000001e       0x2e /usr/lib/gcc/arm-none-eabi/10.3.1/thumb/v7e-m/nofp/crtbegin.o
 .ARM.attributes
                0x000000000000004c       0x2e CMakeFiles/RMosierFinalLab.elf.dir/Core/Src/ApplicationCode.c.obj
 .ARM.attributes
                0x000000000000007a       0x2e CMakeFiles/RMosierFinalLab.elf.dir/Core/Src/LCD_Driver.c.obj
 .ARM.attributes
                0x00000000000000a8       0x2e CMakeFiles/RMosierFinalLab.elf.dir/Core/Src/RNG.c.obj
 .ARM.attributes
                0x00000000000000d6       0x2e CMakeFiles/RMosierFinalLab.elf.dir/Core/Src/button.c.obj
 .ARM.attributes
                0x0000000000000104       0x33 CMakeFiles/RMosierFinalLab.elf.dir/Core/Src/fonts.c.obj
 .ARM.attributes
                0x0000000000000137       0x2e CMakeFiles/RMosierFinalLab.elf.dir/Core/Src/game.c.obj
 .ARM.attributes
                0x0000000000000165       0x2e CMakeFiles/RMosierFinalLab.elf.dir/Core/Src/ili9341.c.obj
 .ARM.attributes
                0x0000000000000193       0x2e CMakeFiles/RMosierFinalLab.elf.dir/Core/Src/main.c.obj
 .ARM.attributes
                0x00000000000001c1       0x2e CMakeFiles/RMosierFinalLab.elf.dir/Core/Src/stm32f4xx_hal_msp.c.obj
 .ARM.attributes
                0x00000000000001ef       0x2e CMakeFiles/RMosierFinalLab.elf.dir/Core/Src/stm32f4xx_it.c.obj
 .ARM.attributes
                0x000000000000021d       0x2e CMakeFiles/RMosierFinalLab.elf.dir/Core/Src/stmpe811.c.obj
 .ARM.attributes
                0x000000000000024b       0x2e CMakeFiles/RMosierFinalLab.elf.dir/Core/Src/syscalls.c.obj
 .ARM.attributes
                0x0000000000000279       0x2e CMakeFiles/RMosierFinalLab.elf.dir/Core/Src/sysmem.c.obj
 .ARM.attributes
                0x00000000000002a7       0x2e CMakeFiles/RMosierFinalLab.elf.dir/Core/Src/system_stm32f4xx.c.obj
 .ARM.attributes
                0x00000000000002d5       0x2e CMakeFiles/RMosierFinalLab.elf.dir/Core/Src/timers.c.obj
 .ARM.attributes
                0x0000000000000303       0x21 CMakeFiles/RMosierFinalLab.elf.dir/Core/Startup/startup_stm32f429zitx.s.obj
 .ARM.attributes
                0x0000000000000324       0x2e CMakeFiles/RMosierFinalLab.elf.dir/Drivers/STM32F4xx_HAL_Driver/Src/stm32f4xx_hal.c.obj
 .ARM.attributes
                0x0000000000000352       0x2e CMakeFiles/RMosierFinalLab.elf.dir/Drivers/STM32F4xx_HAL_Driver/Src/stm32f4xx_hal_cortex.c.obj
 .ARM.attributes
                0x0000000000000380       0x2e CMakeFiles/RMosierFinalLab.elf.dir/Drivers/STM32F4xx_HAL_Driver/Src/stm32f4xx_hal_exti.c.obj
 .ARM.attributes
                0x00000000000003ae       0x2e CMakeFiles/RMosierFinalLab.elf.dir/Drivers/STM32F4xx_HAL_Driver/Src/stm32f4xx_hal_gpio.c.obj
 .ARM.attributes
                0x00000000000003dc       0x2e CMakeFiles/RMosierFinalLab.elf.dir/Drivers/STM32F4xx_HAL_Driver/Src/stm32f4xx_hal_i2c.c.obj
 .ARM.attributes
                0x000000000000040a       0x2e CMakeFiles/RMosierFinalLab.elf.dir/Drivers/STM32F4xx_HAL_Driver/Src/stm32f4xx_hal_ltdc.c.obj
 .ARM.attributes
                0x0000000000000438       0x2e CMakeFiles/RMosierFinalLab.elf.dir/Drivers/STM32F4xx_HAL_Driver/Src/stm32f4xx_hal_rcc.c.obj
 .ARM.attributes
                0x0000000000000466       0x2e CMakeFiles/RMosierFinalLab.elf.dir/Drivers/STM32F4xx_HAL_Driver/Src/stm32f4xx_hal_rcc_ex.c.obj
 .ARM.attributes
                0x0000000000000494       0x2e CMakeFiles/RMosierFinalLab.elf.dir/Drivers/STM32F4xx_HAL_Driver/Src/stm32f4xx_hal_rng.c.obj
 .ARM.attributes
                0x00000000000004c2       0x2e CMakeFiles/RMosierFinalLab.elf.dir/Drivers/STM32F4xx_HAL_Driver/Src/stm32f4xx_hal_spi.c.obj
 .ARM.attributes
                0x00000000000004f0       0x2e CMakeFiles/RMosierFinalLab.elf.dir/Drivers/STM32F4xx_HAL_Driver/Src/stm32f4xx_hal_tim.c.obj
 .ARM.attributes
                0x000000000000051e       0x2e CMakeFiles/RMosierFinalLab.elf.dir/Drivers/STM32F4xx_HAL_Driver/Src/stm32f4xx_hal_tim_ex.c.obj
 .ARM.attributes
                0x000000000000054c       0x1e /usr/lib/gcc/arm-none-eabi/10.3.1/thumb/v7e-m/nofp/libgcc.a(_aeabi_uldivmod.o)
 .ARM.attributes
                0x000000000000056a       0x2e /usr/lib/gcc/arm-none-eabi/10.3.1/thumb/v7e-m/nofp/libgcc.a(_udivmoddi4.o)
 .ARM.attributes
                0x0000000000000598       0x1e /usr/lib/gcc/arm-none-eabi/10.3.1/thumb/v7e-m/nofp/libgcc.a(_dvmd_tls.o)
 .ARM.attributes
                0x00000000000005b6       0x2e /usr/lib/gcc/arm-none-eabi/10.3.1/../../../arm-none-eabi/lib/thumb/v7e-m/nofp/libg.a(lib_a-atexit.o)
 .ARM.attributes
                0x00000000000005e4       0x2e /usr/lib/gcc/arm-none-eabi/10.3.1/../../../arm-none-eabi/lib/thumb/v7e-m/nofp/libg.a(lib_a-errno.o)
 .ARM.attributes
                0x0000000000000612       0x2e /usr/lib/gcc/arm-none-eabi/10.3.1/../../../arm-none-eabi/lib/thumb/v7e-m/nofp/libg.a(lib_a-fini.o)
 .ARM.attributes
                0x0000000000000640       0x2e /usr/lib/gcc/arm-none-eabi/10.3.1/../../../arm-none-eabi/lib/thumb/v7e-m/nofp/libg.a(lib_a-impure.o)
 .ARM.attributes
                0x000000000000066e       0x2e /usr/lib/gcc/arm-none-eabi/10.3.1/../../../arm-none-eabi/lib/thumb/v7e-m/nofp/libg.a(lib_a-init.o)
 .ARM.attributes
                0x000000000000069c       0x2e /usr/lib/gcc/arm-none-eabi/10.3.1/../../../arm-none-eabi/lib/thumb/v7e-m/nofp/libg.a(lib_a-memset.o)
 .ARM.attributes
                0x00000000000006ca       0x2e /usr/lib/gcc/arm-none-eabi/10.3.1/../../../arm-none-eabi/lib/thumb/v7e-m/nofp/libg.a(lib_a-snprintf.o)
 .ARM.attributes
                0x00000000000006f8       0x1c /usr/lib/gcc/arm-none-eabi/10.3.1/../../../arm-none-eabi/lib/thumb/v7e-m/nofp/libg.a(lib_a-strlen.o)
 .ARM.attributes
                0x0000000000000714       0x2e /usr/lib/gcc/arm-none-eabi/10.3.1/../../../arm-none-eabi/lib/thumb/v7e-m/nofp/libg.a(lib_a-svfprintf.o)
 .ARM.attributes
                0x0000000000000742       0x2e /usr/lib/gcc/arm-none-eabi/10.3.1/../../../arm-none-eabi/lib/thumb/v7e-m/nofp/libg.a(lib_a-wsetup.o)
 .ARM.attributes
                0x0000000000000770       0x2e /usr/lib/gcc/arm-none-eabi/10.3.1/../../../arm-none-eabi/lib/thumb/v7e-m/nofp/libg.a(lib_a-__atexit.o)
 .ARM.attributes
                0x000000000000079e       0x2e /usr/lib/gcc/arm-none-eabi/10.3.1/../../../arm-none-eabi/lib/thumb/v7e-m/nofp/libg.a(lib_a-__call_atexit.o)
 .ARM.attributes
                0x00000000000007cc       0x2e /usr/lib/gcc/arm-none-eabi/10.3.1/../../../arm-none-eabi/lib/thumb/v7e-m/nofp/libg.a(lib_a-dtoa.o)
 .ARM.attributes
                0x00000000000007fa       0x2e /usr/lib/gcc/arm-none-eabi/10.3.1/../../../arm-none-eabi/lib/thumb/v7e-m/nofp/libg.a(lib_a-fflush.o)
 .ARM.attributes
                0x0000000000000828       0x2e /usr/lib/gcc/arm-none-eabi/10.3.1/../../../arm-none-eabi/lib/thumb/v7e-m/nofp/libg.a(lib_a-findfp.o)
 .ARM.attributes
                0x0000000000000856       0x2e /usr/lib/gcc/arm-none-eabi/10.3.1/../../../arm-none-eabi/lib/thumb/v7e-m/nofp/libg.a(lib_a-freer.o)
 .ARM.attributes
                0x0000000000000884       0x2e /usr/lib/gcc/arm-none-eabi/10.3.1/../../../arm-none-eabi/lib/thumb/v7e-m/nofp/libg.a(lib_a-fvwrite.o)
 .ARM.attributes
                0x00000000000008b2       0x2e /usr/lib/gcc/arm-none-eabi/10.3.1/../../../arm-none-eabi/lib/thumb/v7e-m/nofp/libg.a(lib_a-fwalk.o)
 .ARM.attributes
                0x00000000000008e0       0x2e /usr/lib/gcc/arm-none-eabi/10.3.1/../../../arm-none-eabi/lib/thumb/v7e-m/nofp/libg.a(lib_a-localeconv.o)
 .ARM.attributes
                0x000000000000090e       0x2e /usr/lib/gcc/arm-none-eabi/10.3.1/../../../arm-none-eabi/lib/thumb/v7e-m/nofp/libg.a(lib_a-makebuf.o)
 .ARM.attributes
                0x000000000000093c       0x2e /usr/lib/gcc/arm-none-eabi/10.3.1/../../../arm-none-eabi/lib/thumb/v7e-m/nofp/libg.a(lib_a-mallocr.o)
 .ARM.attributes
                0x000000000000096a       0x1c /usr/lib/gcc/arm-none-eabi/10.3.1/../../../arm-none-eabi/lib/thumb/v7e-m/nofp/libg.a(lib_a-memchr.o)
 .ARM.attributes
                0x0000000000000986       0x1c /usr/lib/gcc/arm-none-eabi/10.3.1/../../../arm-none-eabi/lib/thumb/v7e-m/nofp/libg.a(lib_a-memcpy.o)
 .ARM.attributes
                0x00000000000009a2       0x2e /usr/lib/gcc/arm-none-eabi/10.3.1/../../../arm-none-eabi/lib/thumb/v7e-m/nofp/libg.a(lib_a-memmove.o)
 .ARM.attributes
                0x00000000000009d0       0x2e /usr/lib/gcc/arm-none-eabi/10.3.1/../../../arm-none-eabi/lib/thumb/v7e-m/nofp/libg.a(lib_a-mlock.o)
 .ARM.attributes
                0x00000000000009fe       0x2e /usr/lib/gcc/arm-none-eabi/10.3.1/../../../arm-none-eabi/lib/thumb/v7e-m/nofp/libg.a(lib_a-mprec.o)
 .ARM.attributes
                0x0000000000000a2c       0x2e /usr/lib/gcc/arm-none-eabi/10.3.1/../../../arm-none-eabi/lib/thumb/v7e-m/nofp/libg.a(lib_a-reallocr.o)
 .ARM.attributes
                0x0000000000000a5a       0x2e /usr/lib/gcc/arm-none-eabi/10.3.1/../../../arm-none-eabi/lib/thumb/v7e-m/nofp/libg.a(lib_a-sbrkr.o)
 .ARM.attributes
                0x0000000000000a88       0x2e /usr/lib/gcc/arm-none-eabi/10.3.1/../../../arm-none-eabi/lib/thumb/v7e-m/nofp/libg.a(lib_a-stdio.o)
 .ARM.attributes
                0x0000000000000ab6       0x2e /usr/lib/gcc/arm-none-eabi/10.3.1/../../../arm-none-eabi/lib/thumb/v7e-m/nofp/libg.a(lib_a-svfiprintf.o)
 .ARM.attributes
                0x0000000000000ae4       0x2e /usr/lib/gcc/arm-none-eabi/10.3.1/../../../arm-none-eabi/lib/thumb/v7e-m/nofp/libg.a(lib_a-vfiprintf.o)
 .ARM.attributes
                0x0000000000000b12       0x2e /usr/lib/gcc/arm-none-eabi/10.3.1/../../../arm-none-eabi/lib/thumb/v7e-m/nofp/libg.a(lib_a-writer.o)
 .ARM.attributes
                0x0000000000000b40       0x2e /usr/lib/gcc/arm-none-eabi/10.3.1/../../../arm-none-eabi/lib/thumb/v7e-m/nofp/libg.a(lib_a-assert.o)
 .ARM.attributes
                0x0000000000000b6e       0x2e /usr/lib/gcc/arm-none-eabi/10.3.1/../../../arm-none-eabi/lib/thumb/v7e-m/nofp/libg.a(lib_a-callocr.o)
 .ARM.attributes
                0x0000000000000b9c       0x2e /usr/lib/gcc/arm-none-eabi/10.3.1/../../../arm-none-eabi/lib/thumb/v7e-m/nofp/libg.a(lib_a-closer.o)
 .ARM.attributes
                0x0000000000000bca       0x2e /usr/lib/gcc/arm-none-eabi/10.3.1/../../../arm-none-eabi/lib/thumb/v7e-m/nofp/libg.a(lib_a-fclose.o)
 .ARM.attributes
                0x0000000000000bf8       0x2e /usr/lib/gcc/arm-none-eabi/10.3.1/../../../arm-none-eabi/lib/thumb/v7e-m/nofp/libg.a(lib_a-fiprintf.o)
 .ARM.attributes
                0x0000000000000c26       0x2e /usr/lib/gcc/arm-none-eabi/10.3.1/../../../arm-none-eabi/lib/thumb/v7e-m/nofp/libg.a(lib_a-fputwc.o)
 .ARM.attributes
                0x0000000000000c54       0x2e /usr/lib/gcc/arm-none-eabi/10.3.1/../../../arm-none-eabi/lib/thumb/v7e-m/nofp/libg.a(lib_a-fstatr.o)
 .ARM.attributes
                0x0000000000000c82       0x2e /usr/lib/gcc/arm-none-eabi/10.3.1/../../../arm-none-eabi/lib/thumb/v7e-m/nofp/libg.a(lib_a-isattyr.o)
 .ARM.attributes
                0x0000000000000cb0       0x2e /usr/lib/gcc/arm-none-eabi/10.3.1/../../../arm-none-eabi/lib/thumb/v7e-m/nofp/libg.a(lib_a-locale.o)
 .ARM.attributes
                0x0000000000000cde       0x2e /usr/lib/gcc/arm-none-eabi/10.3.1/../../../arm-none-eabi/lib/thumb/v7e-m/nofp/libg.a(lib_a-lseekr.o)
 .ARM.attributes
                0x0000000000000d0c       0x2e /usr/lib/gcc/arm-none-eabi/10.3.1/../../../arm-none-eabi/lib/thumb/v7e-m/nofp/libg.a(lib_a-mbtowc_r.o)
 .ARM.attributes
                0x0000000000000d3a       0x2e /usr/lib/gcc/arm-none-eabi/10.3.1/../../../arm-none-eabi/lib/thumb/v7e-m/nofp/libg.a(lib_a-readr.o)
 .ARM.attributes
                0x0000000000000d68       0x2e /usr/lib/gcc/arm-none-eabi/10.3.1/../../../arm-none-eabi/lib/thumb/v7e-m/nofp/libg.a(lib_a-reent.o)
 .ARM.attributes
                0x0000000000000d96       0x1c /usr/lib/gcc/arm-none-eabi/10.3.1/../../../arm-none-eabi/lib/thumb/v7e-m/nofp/libg.a(lib_a-strcmp.o)
 .ARM.attributes
                0x0000000000000db2       0x2e /usr/lib/gcc/arm-none-eabi/10.3.1/../../../arm-none-eabi/lib/thumb/v7e-m/nofp/libg.a(lib_a-wbuf.o)
 .ARM.attributes
                0x0000000000000de0       0x2e /usr/lib/gcc/arm-none-eabi/10.3.1/../../../arm-none-eabi/lib/thumb/v7e-m/nofp/libg.a(lib_a-wcrtomb.o)
 .ARM.attributes
                0x0000000000000e0e       0x2e /usr/lib/gcc/arm-none-eabi/10.3.1/../../../arm-none-eabi/lib/thumb/v7e-m/nofp/libg.a(lib_a-wctomb_r.o)
 .ARM.attributes
                0x0000000000000e3c       0x2e /usr/lib/gcc/arm-none-eabi/10.3.1/../../../arm-none-eabi/lib/thumb/v7e-m/nofp/libg.a(lib_a-abort.o)
 .ARM.attributes
                0x0000000000000e6a       0x2e /usr/lib/gcc/arm-none-eabi/10.3.1/../../../arm-none-eabi/lib/thumb/v7e-m/nofp/libg.a(lib_a-ctype_.o)
 .ARM.attributes
                0x0000000000000e98       0x2e /usr/lib/gcc/arm-none-eabi/10.3.1/../../../arm-none-eabi/lib/thumb/v7e-m/nofp/libg.a(lib_a-signal.o)
 .ARM.attributes
                0x0000000000000ec6       0x2e /usr/lib/gcc/arm-none-eabi/10.3.1/../../../arm-none-eabi/lib/thumb/v7e-m/nofp/libg.a(lib_a-signalr.o)
 .ARM.attributes